Archive member included to satisfy reference by file (symbol)

c:/program files (x86)/atollic/truestudio for stm32 9.1.0/armtools/bin/../lib/gcc/arm-atollic-eabi/6.3.1/../../../../arm-atollic-eabi/lib/armv7e-m/fpu\libc.a(lib_a-init.o)
                              User Application\startup_stm32f411xe.o (__libc_init_array)
c:/program files (x86)/atollic/truestudio for stm32 9.1.0/armtools/bin/../lib/gcc/arm-atollic-eabi/6.3.1/../../../../arm-atollic-eabi/lib/armv7e-m/fpu\libc.a(lib_a-strlen.o)
                              User Application\tiny_printf.o (strlen)
c:/program files (x86)/atollic/truestudio for stm32 9.1.0/armtools/bin/../lib/gcc/arm-atollic-eabi/6.3.1/../../../../arm-atollic-eabi/lib/armv7e-m/fpu\libnosys.a(write.o)
                              User Application\tiny_printf.o (_write)
c:/program files (x86)/atollic/truestudio for stm32 9.1.0/armtools/bin/../lib/gcc/arm-atollic-eabi/6.3.1/../../../../arm-atollic-eabi/lib/armv7e-m/fpu\libnosys.a(errno.o)
                              c:/program files (x86)/atollic/truestudio for stm32 9.1.0/armtools/bin/../lib/gcc/arm-atollic-eabi/6.3.1/../../../../arm-atollic-eabi/lib/armv7e-m/fpu\libnosys.a(write.o) (errno)

Allocating common symbols
Common symbol       size              file

errno               0x4               c:/program files (x86)/atollic/truestudio for stm32 9.1.0/armtools/bin/../lib/gcc/arm-atollic-eabi/6.3.1/../../../../arm-atollic-eabi/lib/armv7e-m/fpu\libnosys.a(errno.o)

Discarded input sections

 .text          0x00000000        0x0 c:/program files (x86)/atollic/truestudio for stm32 9.1.0/armtools/bin/../lib/gcc/arm-atollic-eabi/6.3.1/armv7e-m/fpu/crti.o
 .data          0x00000000        0x0 c:/program files (x86)/atollic/truestudio for stm32 9.1.0/armtools/bin/../lib/gcc/arm-atollic-eabi/6.3.1/armv7e-m/fpu/crti.o
 .bss           0x00000000        0x0 c:/program files (x86)/atollic/truestudio for stm32 9.1.0/armtools/bin/../lib/gcc/arm-atollic-eabi/6.3.1/armv7e-m/fpu/crti.o
 .data          0x00000000        0x4 c:/program files (x86)/atollic/truestudio for stm32 9.1.0/armtools/bin/../lib/gcc/arm-atollic-eabi/6.3.1/armv7e-m/fpu/crtbegin.o
 .text          0x00000000        0x0 User Application\main.o
 .data          0x00000000        0x0 User Application\main.o
 .bss           0x00000000        0x0 User Application\main.o
 .text          0x00000000       0x14 User Application\startup_stm32f411xe.o
 .data          0x00000000        0x0 User Application\startup_stm32f411xe.o
 .bss           0x00000000        0x0 User Application\startup_stm32f411xe.o
 .text          0x00000000        0x0 User Application\system_stm32f4xx.o
 .data          0x00000000        0x0 User Application\system_stm32f4xx.o
 .bss           0x00000000        0x0 User Application\system_stm32f4xx.o
 .data.SystemCoreClock
                0x00000000        0x4 User Application\system_stm32f4xx.o
 .rodata.AHBPrescTable
                0x00000000       0x10 User Application\system_stm32f4xx.o
 .text.SystemCoreClockUpdate
                0x00000000       0xf4 User Application\system_stm32f4xx.o
 .text          0x00000000        0x0 User Application\tiny_printf.o
 .data          0x00000000        0x0 User Application\tiny_printf.o
 .bss           0x00000000        0x0 User Application\tiny_printf.o
 .text.ts_itoa  0x00000000       0x92 User Application\tiny_printf.o
 .text.ts_formatstring
                0x00000000      0x12e User Application\tiny_printf.o
 .text.ts_formatlength
                0x00000000      0x12c User Application\tiny_printf.o
 .text.siprintf
                0x00000000       0x2c User Application\tiny_printf.o
 .text.fiprintf
                0x00000000       0x9a User Application\tiny_printf.o
 .text.iprintf  0x00000000       0x92 User Application\tiny_printf.o
 .rodata        0x00000000        0x2 User Application\tiny_printf.o
 .text.fputs    0x00000000       0x68 User Application\tiny_printf.o
 .text.puts     0x00000000       0x58 User Application\tiny_printf.o
 .text.fwrite   0x00000000       0x38 User Application\tiny_printf.o
 .debug_info    0x00000000      0xc91 User Application\tiny_printf.o
 .debug_abbrev  0x00000000      0x262 User Application\tiny_printf.o
 .debug_aranges
                0x00000000       0x60 User Application\tiny_printf.o
 .debug_ranges  0x00000000       0x50 User Application\tiny_printf.o
 .debug_line    0x00000000      0x2cc User Application\tiny_printf.o
 .debug_str     0x00000000      0x6a0 User Application\tiny_printf.o
 .comment       0x00000000       0x7d User Application\tiny_printf.o
 .debug_frame   0x00000000      0x1bc User Application\tiny_printf.o
 .ARM.attributes
                0x00000000       0x39 User Application\tiny_printf.o
 .text          0x00000000        0x0 User Library\GPIO_Driver.o
 .data          0x00000000        0x0 User Library\GPIO_Driver.o
 .bss           0x00000000        0x0 User Library\GPIO_Driver.o
 .text.NVIC_EnableIRQ
                0x00000000       0x34 User Library\GPIO_Driver.o
 .text.gpio_init
                0x00000000       0x9c User Library\GPIO_Driver.o
 .text.gpio_port_set
                0x00000000       0x1c User Library\GPIO_Driver.o
 .text.gpio_port_clear
                0x00000000       0x1e User Library\GPIO_Driver.o
 .text.gpio_interrupt_configure
                0x00000000      0x428 User Library\GPIO_Driver.o
 .text.gpio_interrupt_enable
                0x00000000       0x34 User Library\GPIO_Driver.o
 .text.gpio_interrupt_clear
                0x00000000       0x2c User Library\GPIO_Driver.o
 .text          0x00000000        0x0 User Library\I2C_Library.o
 .data          0x00000000        0x0 User Library\I2C_Library.o
 .bss           0x00000000        0x0 User Library\I2C_Library.o
 .text          0x00000000        0x0 User Library\Timer_Delay.o
 .data          0x00000000        0x0 User Library\Timer_Delay.o
 .bss           0x00000000        0x0 User Library\Timer_Delay.o
 .text.delay_mS
                0x00000000       0x48 User Library\Timer_Delay.o
 .text          0x00000000        0x0 User Library\lcd_4bit.o
 .data          0x00000000        0x0 User Library\lcd_4bit.o
 .bss           0x00000000        0x0 User Library\lcd_4bit.o
 .text.lcd_send_cmd
                0x00000000       0xd8 User Library\lcd_4bit.o
 .text.lcd_send_data
                0x00000000       0xdc User Library\lcd_4bit.o
 .text.lcd_print
                0x00000000       0x3c User Library\lcd_4bit.o
 .rodata        0x00000000       0x1c User Library\lcd_4bit.o
 .text.lcd_init
                0x00000000       0xc4 User Library\lcd_4bit.o
 .text.lcd_clear
                0x00000000        0xe User Library\lcd_4bit.o
 .text.lcd_goto_xy
                0x00000000       0x2e User Library\lcd_4bit.o
 .debug_info    0x00000000      0xb15 User Library\lcd_4bit.o
 .debug_abbrev  0x00000000      0x212 User Library\lcd_4bit.o
 .debug_aranges
                0x00000000       0x48 User Library\lcd_4bit.o
 .debug_ranges  0x00000000       0x38 User Library\lcd_4bit.o
 .debug_line    0x00000000      0x2fb User Library\lcd_4bit.o
 .debug_str     0x00000000      0x704 User Library\lcd_4bit.o
 .comment       0x00000000       0x7d User Library\lcd_4bit.o
 .debug_frame   0x00000000       0xe4 User Library\lcd_4bit.o
 .ARM.attributes
                0x00000000       0x39 User Library\lcd_4bit.o
 .text          0x00000000        0x0 User Library\lcd_8bit.o
 .data          0x00000000        0x0 User Library\lcd_8bit.o
 .bss           0x00000000        0x0 User Library\lcd_8bit.o
 .debug_line    0x00000000        0x0 User Library\lcd_8bit.o
 .debug_str     0x00000000      0x12c User Library\lcd_8bit.o
 .comment       0x00000000       0x7d User Library\lcd_8bit.o
 .ARM.attributes
                0x00000000       0x39 User Library\lcd_8bit.o
 .text          0x00000000        0x0 c:/program files (x86)/atollic/truestudio for stm32 9.1.0/armtools/bin/../lib/gcc/arm-atollic-eabi/6.3.1/../../../../arm-atollic-eabi/lib/armv7e-m/fpu\libc.a(lib_a-init.o)
 .data          0x00000000        0x0 c:/program files (x86)/atollic/truestudio for stm32 9.1.0/armtools/bin/../lib/gcc/arm-atollic-eabi/6.3.1/../../../../arm-atollic-eabi/lib/armv7e-m/fpu\libc.a(lib_a-init.o)
 .bss           0x00000000        0x0 c:/program files (x86)/atollic/truestudio for stm32 9.1.0/armtools/bin/../lib/gcc/arm-atollic-eabi/6.3.1/../../../../arm-atollic-eabi/lib/armv7e-m/fpu\libc.a(lib_a-init.o)
 .text          0x00000000       0x10 c:/program files (x86)/atollic/truestudio for stm32 9.1.0/armtools/bin/../lib/gcc/arm-atollic-eabi/6.3.1/../../../../arm-atollic-eabi/lib/armv7e-m/fpu\libc.a(lib_a-strlen.o)
 .data          0x00000000        0x0 c:/program files (x86)/atollic/truestudio for stm32 9.1.0/armtools/bin/../lib/gcc/arm-atollic-eabi/6.3.1/../../../../arm-atollic-eabi/lib/armv7e-m/fpu\libc.a(lib_a-strlen.o)
 .bss           0x00000000        0x0 c:/program files (x86)/atollic/truestudio for stm32 9.1.0/armtools/bin/../lib/gcc/arm-atollic-eabi/6.3.1/../../../../arm-atollic-eabi/lib/armv7e-m/fpu\libc.a(lib_a-strlen.o)
 .ARM.attributes
                0x00000000       0x1b c:/program files (x86)/atollic/truestudio for stm32 9.1.0/armtools/bin/../lib/gcc/arm-atollic-eabi/6.3.1/../../../../arm-atollic-eabi/lib/armv7e-m/fpu\libc.a(lib_a-strlen.o)
 .text          0x00000000        0x0 c:/program files (x86)/atollic/truestudio for stm32 9.1.0/armtools/bin/../lib/gcc/arm-atollic-eabi/6.3.1/../../../../arm-atollic-eabi/lib/armv7e-m/fpu\libnosys.a(write.o)
 .data          0x00000000        0x0 c:/program files (x86)/atollic/truestudio for stm32 9.1.0/armtools/bin/../lib/gcc/arm-atollic-eabi/6.3.1/../../../../arm-atollic-eabi/lib/armv7e-m/fpu\libnosys.a(write.o)
 .bss           0x00000000        0x0 c:/program files (x86)/atollic/truestudio for stm32 9.1.0/armtools/bin/../lib/gcc/arm-atollic-eabi/6.3.1/../../../../arm-atollic-eabi/lib/armv7e-m/fpu\libnosys.a(write.o)
 .stab          0x00000000       0x24 c:/program files (x86)/atollic/truestudio for stm32 9.1.0/armtools/bin/../lib/gcc/arm-atollic-eabi/6.3.1/../../../../arm-atollic-eabi/lib/armv7e-m/fpu\libnosys.a(write.o)
 .text._write   0x00000000       0x10 c:/program files (x86)/atollic/truestudio for stm32 9.1.0/armtools/bin/../lib/gcc/arm-atollic-eabi/6.3.1/../../../../arm-atollic-eabi/lib/armv7e-m/fpu\libnosys.a(write.o)
 .debug_frame   0x00000000       0x20 c:/program files (x86)/atollic/truestudio for stm32 9.1.0/armtools/bin/../lib/gcc/arm-atollic-eabi/6.3.1/../../../../arm-atollic-eabi/lib/armv7e-m/fpu\libnosys.a(write.o)
 .ARM.attributes
                0x00000000       0x34 c:/program files (x86)/atollic/truestudio for stm32 9.1.0/armtools/bin/../lib/gcc/arm-atollic-eabi/6.3.1/../../../../arm-atollic-eabi/lib/armv7e-m/fpu\libnosys.a(write.o)
 .text          0x00000000        0x0 c:/program files (x86)/atollic/truestudio for stm32 9.1.0/armtools/bin/../lib/gcc/arm-atollic-eabi/6.3.1/../../../../arm-atollic-eabi/lib/armv7e-m/fpu\libnosys.a(errno.o)
 .data          0x00000000        0x0 c:/program files (x86)/atollic/truestudio for stm32 9.1.0/armtools/bin/../lib/gcc/arm-atollic-eabi/6.3.1/../../../../arm-atollic-eabi/lib/armv7e-m/fpu\libnosys.a(errno.o)
 .bss           0x00000000        0x0 c:/program files (x86)/atollic/truestudio for stm32 9.1.0/armtools/bin/../lib/gcc/arm-atollic-eabi/6.3.1/../../../../arm-atollic-eabi/lib/armv7e-m/fpu\libnosys.a(errno.o)
 .ARM.attributes
                0x00000000       0x34 c:/program files (x86)/atollic/truestudio for stm32 9.1.0/armtools/bin/../lib/gcc/arm-atollic-eabi/6.3.1/../../../../arm-atollic-eabi/lib/armv7e-m/fpu\libnosys.a(errno.o)
 COMMON         0x00000000        0x4 c:/program files (x86)/atollic/truestudio for stm32 9.1.0/armtools/bin/../lib/gcc/arm-atollic-eabi/6.3.1/../../../../arm-atollic-eabi/lib/armv7e-m/fpu\libnosys.a(errno.o)
 .text          0x00000000        0x0 c:/program files (x86)/atollic/truestudio for stm32 9.1.0/armtools/bin/../lib/gcc/arm-atollic-eabi/6.3.1/armv7e-m/fpu/crtend.o
 .data          0x00000000        0x0 c:/program files (x86)/atollic/truestudio for stm32 9.1.0/armtools/bin/../lib/gcc/arm-atollic-eabi/6.3.1/armv7e-m/fpu/crtend.o
 .bss           0x00000000        0x0 c:/program files (x86)/atollic/truestudio for stm32 9.1.0/armtools/bin/../lib/gcc/arm-atollic-eabi/6.3.1/armv7e-m/fpu/crtend.o
 .eh_frame      0x00000000        0x4 c:/program files (x86)/atollic/truestudio for stm32 9.1.0/armtools/bin/../lib/gcc/arm-atollic-eabi/6.3.1/armv7e-m/fpu/crtend.o
 .ARM.attributes
                0x00000000       0x34 c:/program files (x86)/atollic/truestudio for stm32 9.1.0/armtools/bin/../lib/gcc/arm-atollic-eabi/6.3.1/armv7e-m/fpu/crtend.o
 .text          0x00000000        0x0 c:/program files (x86)/atollic/truestudio for stm32 9.1.0/armtools/bin/../lib/gcc/arm-atollic-eabi/6.3.1/armv7e-m/fpu/crtn.o
 .data          0x00000000        0x0 c:/program files (x86)/atollic/truestudio for stm32 9.1.0/armtools/bin/../lib/gcc/arm-atollic-eabi/6.3.1/armv7e-m/fpu/crtn.o
 .bss           0x00000000        0x0 c:/program files (x86)/atollic/truestudio for stm32 9.1.0/armtools/bin/../lib/gcc/arm-atollic-eabi/6.3.1/armv7e-m/fpu/crtn.o

Memory Configuration

Name             Origin             Length             Attributes
FLASH            0x08000000         0x00080000         xr
RAM              0x20000000         0x00020000         xrw
MEMORY_B1        0x60000000         0x00000000         xr
*default*        0x00000000         0xffffffff

Linker script and memory map

LOAD c:/program files (x86)/atollic/truestudio for stm32 9.1.0/armtools/bin/../lib/gcc/arm-atollic-eabi/6.3.1/armv7e-m/fpu/crti.o
LOAD c:/program files (x86)/atollic/truestudio for stm32 9.1.0/armtools/bin/../lib/gcc/arm-atollic-eabi/6.3.1/armv7e-m/fpu/crtbegin.o
LOAD User Application\main.o
LOAD User Application\startup_stm32f411xe.o
LOAD User Application\system_stm32f4xx.o
LOAD User Application\tiny_printf.o
LOAD User Library\GPIO_Driver.o
LOAD User Library\I2C_Library.o
LOAD User Library\Timer_Delay.o
LOAD User Library\lcd_4bit.o
LOAD User Library\lcd_8bit.o
                0x00000080                malloc_getpagesize_P = 0x80
START GROUP
LOAD c:/program files (x86)/atollic/truestudio for stm32 9.1.0/armtools/bin/../lib/gcc/arm-atollic-eabi/6.3.1/../../../../arm-atollic-eabi/lib/armv7e-m/fpu\libc.a
LOAD c:/program files (x86)/atollic/truestudio for stm32 9.1.0/armtools/bin/../lib/gcc/arm-atollic-eabi/6.3.1/../../../../arm-atollic-eabi/lib/armv7e-m/fpu\libm.a
END GROUP
START GROUP
LOAD c:/program files (x86)/atollic/truestudio for stm32 9.1.0/armtools/bin/../lib/gcc/arm-atollic-eabi/6.3.1/armv7e-m/fpu\libgcc.a
LOAD c:/program files (x86)/atollic/truestudio for stm32 9.1.0/armtools/bin/../lib/gcc/arm-atollic-eabi/6.3.1/../../../../arm-atollic-eabi/lib/armv7e-m/fpu\libc.a
END GROUP
START GROUP
LOAD c:/program files (x86)/atollic/truestudio for stm32 9.1.0/armtools/bin/../lib/gcc/arm-atollic-eabi/6.3.1/armv7e-m/fpu\libgcc.a
LOAD c:/program files (x86)/atollic/truestudio for stm32 9.1.0/armtools/bin/../lib/gcc/arm-atollic-eabi/6.3.1/../../../../arm-atollic-eabi/lib/armv7e-m/fpu\libc.a
LOAD c:/program files (x86)/atollic/truestudio for stm32 9.1.0/armtools/bin/../lib/gcc/arm-atollic-eabi/6.3.1/../../../../arm-atollic-eabi/lib/armv7e-m/fpu\libnosys.a
END GROUP
LOAD c:/program files (x86)/atollic/truestudio for stm32 9.1.0/armtools/bin/../lib/gcc/arm-atollic-eabi/6.3.1/armv7e-m/fpu/crtend.o
LOAD c:/program files (x86)/atollic/truestudio for stm32 9.1.0/armtools/bin/../lib/gcc/arm-atollic-eabi/6.3.1/armv7e-m/fpu/crtn.o
                0x20020000                _estack = 0x20020000
                0x00000000                _Min_Heap_Size = 0x0
                0x00000400                _Min_Stack_Size = 0x400

.isr_vector     0x08000000      0x198
                0x08000000                . = ALIGN (0x4)
 *(.isr_vector)
 .isr_vector    0x08000000      0x198 User Application\startup_stm32f411xe.o
                0x08000000                g_pfnVectors
                0x08000198                . = ALIGN (0x4)

.text           0x08000198     0x16f4
                0x08000198                . = ALIGN (0x4)
 *(.text)
 .text          0x08000198       0x40 c:/program files (x86)/atollic/truestudio for stm32 9.1.0/armtools/bin/../lib/gcc/arm-atollic-eabi/6.3.1/armv7e-m/fpu/crtbegin.o
 *(.text*)
 .text.NVIC_EnableIRQ
                0x080001d8       0x34 User Application\main.o
 .text.main     0x0800020c       0x8c User Application\main.o
                0x0800020c                main
 .text.I2C1_ER_IRQHandler
                0x08000298       0x2c User Application\main.o
                0x08000298                I2C1_ER_IRQHandler
 .text.Reset_Handler
                0x080002c4       0x50 User Application\startup_stm32f411xe.o
                0x080002c4                Reset_Handler
 .text.Default_Handler
                0x08000314        0x2 User Application\startup_stm32f411xe.o
                0x08000314                RTC_Alarm_IRQHandler
                0x08000314                EXTI2_IRQHandler
                0x08000314                DebugMon_Handler
                0x08000314                SPI4_IRQHandler
                0x08000314                TIM1_CC_IRQHandler
                0x08000314                DMA2_Stream5_IRQHandler
                0x08000314                HardFault_Handler
                0x08000314                DMA1_Stream5_IRQHandler
                0x08000314                SysTick_Handler
                0x08000314                PVD_IRQHandler
                0x08000314                SDIO_IRQHandler
                0x08000314                TAMP_STAMP_IRQHandler
                0x08000314                PendSV_Handler
                0x08000314                NMI_Handler
                0x08000314                EXTI3_IRQHandler
                0x08000314                TIM1_UP_TIM10_IRQHandler
                0x08000314                I2C3_ER_IRQHandler
                0x08000314                EXTI0_IRQHandler
                0x08000314                I2C2_EV_IRQHandler
                0x08000314                DMA1_Stream2_IRQHandler
                0x08000314                FPU_IRQHandler
                0x08000314                UsageFault_Handler
                0x08000314                DMA2_Stream2_IRQHandler
                0x08000314                SPI1_IRQHandler
                0x08000314                TIM1_BRK_TIM9_IRQHandler
                0x08000314                DMA2_Stream3_IRQHandler
                0x08000314                USART6_IRQHandler
                0x08000314                DMA2_Stream0_IRQHandler
                0x08000314                I2C1_EV_IRQHandler
                0x08000314                DMA1_Stream6_IRQHandler
                0x08000314                DMA1_Stream1_IRQHandler
                0x08000314                TIM3_IRQHandler
                0x08000314                RCC_IRQHandler
                0x08000314                Default_Handler
                0x08000314                EXTI15_10_IRQHandler
                0x08000314                ADC_IRQHandler
                0x08000314                DMA1_Stream7_IRQHandler
                0x08000314                SPI5_IRQHandler
                0x08000314                TIM5_IRQHandler
                0x08000314                DMA2_Stream7_IRQHandler
                0x08000314                I2C3_EV_IRQHandler
                0x08000314                EXTI9_5_IRQHandler
                0x08000314                RTC_WKUP_IRQHandler
                0x08000314                SPI2_IRQHandler
                0x08000314                MemManage_Handler
                0x08000314                DMA1_Stream0_IRQHandler
                0x08000314                SVC_Handler
                0x08000314                EXTI4_IRQHandler
                0x08000314                WWDG_IRQHandler
                0x08000314                TIM2_IRQHandler
                0x08000314                OTG_FS_WKUP_IRQHandler
                0x08000314                TIM1_TRG_COM_TIM11_IRQHandler
                0x08000314                EXTI1_IRQHandler
                0x08000314                USART2_IRQHandler
                0x08000314                I2C2_ER_IRQHandler
                0x08000314                DMA2_Stream1_IRQHandler
                0x08000314                FLASH_IRQHandler
                0x08000314                DMA2_Stream4_IRQHandler
                0x08000314                BusFault_Handler
                0x08000314                USART1_IRQHandler
                0x08000314                OTG_FS_IRQHandler
                0x08000314                SPI3_IRQHandler
                0x08000314                DMA1_Stream4_IRQHandler
                0x08000314                DMA2_Stream6_IRQHandler
                0x08000314                DMA1_Stream3_IRQHandler
 *fill*         0x08000316        0x2 
 .text.SystemInit
                0x08000318       0x6c User Application\system_stm32f4xx.o
                0x08000318                SystemInit
 .text.config_pin
                0x08000384     0x1090 User Library\GPIO_Driver.o
 .text.gpio_write
                0x08001414       0x40 User Library\GPIO_Driver.o
                0x08001414                gpio_write
 .text.gpio_port_config
                0x08001454       0xbc User Library\GPIO_Driver.o
                0x08001454                gpio_port_config
 .text.I2C_enable
                0x08001510       0xa4 User Library\I2C_Library.o
                0x08001510                I2C_enable
 .text.I2C_addressWrite
                0x080015b4       0x40 User Library\I2C_Library.o
                0x080015b4                I2C_addressWrite
 .text.I2C_data
                0x080015f4       0x30 User Library\I2C_Library.o
                0x080015f4                I2C_data
 .text.I2C_stop
                0x08001624       0x2c User Library\I2C_Library.o
                0x08001624                I2C_stop
 .text.I2C_start
                0x08001650       0x2c User Library\I2C_Library.o
                0x08001650                I2C_start
 .text.NVIC_EnableIRQ
                0x0800167c       0x34 User Library\Timer_Delay.o
 .text.config_clock_50MHz
                0x080016b0      0x150 User Library\Timer_Delay.o
                0x080016b0                config_clock_50MHz
 .text.TIM4_IRQHandler
                0x08001800       0x2c User Library\Timer_Delay.o
                0x08001800                TIM4_IRQHandler
 .text.__libc_init_array
                0x0800182c       0x48 c:/program files (x86)/atollic/truestudio for stm32 9.1.0/armtools/bin/../lib/gcc/arm-atollic-eabi/6.3.1/../../../../arm-atollic-eabi/lib/armv7e-m/fpu\libc.a(lib_a-init.o)
                0x0800182c                __libc_init_array
 *(.glue_7)
 .glue_7        0x08001874        0x0 linker stubs
 *(.glue_7t)
 .glue_7t       0x08001874        0x0 linker stubs
 *(.eh_frame)
 .eh_frame      0x08001874        0x0 c:/program files (x86)/atollic/truestudio for stm32 9.1.0/armtools/bin/../lib/gcc/arm-atollic-eabi/6.3.1/armv7e-m/fpu/crtbegin.o
 *(.init)
 .init          0x08001874        0x4 c:/program files (x86)/atollic/truestudio for stm32 9.1.0/armtools/bin/../lib/gcc/arm-atollic-eabi/6.3.1/armv7e-m/fpu/crti.o
                0x08001874                _init
 .init          0x08001878        0x8 c:/program files (x86)/atollic/truestudio for stm32 9.1.0/armtools/bin/../lib/gcc/arm-atollic-eabi/6.3.1/armv7e-m/fpu/crtn.o
 *(.fini)
 .fini          0x08001880        0x4 c:/program files (x86)/atollic/truestudio for stm32 9.1.0/armtools/bin/../lib/gcc/arm-atollic-eabi/6.3.1/armv7e-m/fpu/crti.o
                0x08001880                _fini
 .fini          0x08001884        0x8 c:/program files (x86)/atollic/truestudio for stm32 9.1.0/armtools/bin/../lib/gcc/arm-atollic-eabi/6.3.1/armv7e-m/fpu/crtn.o
                0x0800188c                . = ALIGN (0x4)
                0x0800188c                _etext = .

.vfp11_veneer   0x0800188c        0x0
 .vfp11_veneer  0x0800188c        0x0 linker stubs

.v4_bx          0x0800188c        0x0
 .v4_bx         0x0800188c        0x0 linker stubs

.iplt           0x0800188c        0x0
 .iplt          0x0800188c        0x0 c:/program files (x86)/atollic/truestudio for stm32 9.1.0/armtools/bin/../lib/gcc/arm-atollic-eabi/6.3.1/armv7e-m/fpu/crtbegin.o

.rel.dyn        0x0800188c        0x0
 .rel.iplt      0x0800188c        0x0 c:/program files (x86)/atollic/truestudio for stm32 9.1.0/armtools/bin/../lib/gcc/arm-atollic-eabi/6.3.1/armv7e-m/fpu/crtbegin.o

.rodata         0x0800188c        0x0
                0x0800188c                . = ALIGN (0x4)
 *(.rodata)
 *(.rodata*)
                0x0800188c                . = ALIGN (0x4)

.ARM.extab
 *(.ARM.extab* .gnu.linkonce.armextab.*)

.ARM            0x0800188c        0x0
                0x0800188c                __exidx_start = .
 *(.ARM.exidx*)
                0x0800188c                __exidx_end = .

.preinit_array  0x0800188c        0x0
                0x0800188c                PROVIDE (__preinit_array_start, .)
 *(.preinit_array*)
                0x0800188c                PROVIDE (__preinit_array_end, .)

.init_array     0x0800188c        0x4
                0x0800188c                PROVIDE (__init_array_start, .)
 *(SORT(.init_array.*))
 *(.init_array*)
 .init_array    0x0800188c        0x4 c:/program files (x86)/atollic/truestudio for stm32 9.1.0/armtools/bin/../lib/gcc/arm-atollic-eabi/6.3.1/armv7e-m/fpu/crtbegin.o
                0x08001890                PROVIDE (__init_array_end, .)

.fini_array     0x08001890        0x4
                [!provide]                PROVIDE (__fini_array_start, .)
 *(SORT(.fini_array.*))
 *(.fini_array*)
 .fini_array    0x08001890        0x4 c:/program files (x86)/atollic/truestudio for stm32 9.1.0/armtools/bin/../lib/gcc/arm-atollic-eabi/6.3.1/armv7e-m/fpu/crtbegin.o
                [!provide]                PROVIDE (__fini_array_end, .)
                0x08001894                _sidata = LOADADDR (.data)

.data           0x20000000       0x80 load address 0x08001894
                0x20000000                . = ALIGN (0x4)
                0x20000000                _sdata = .
 *(.data)
 *(.data*)
 .data.PINPOS   0x20000000       0x40 User Library\GPIO_Driver.o
                0x20000000                PINPOS
 .data.alt_PINPOS
                0x20000040       0x40 User Library\GPIO_Driver.o
                0x20000040                alt_PINPOS
                0x20000080                . = ALIGN (0x4)
                0x20000080                _edata = .

.igot.plt       0x20000080        0x0 load address 0x08001914
 .igot.plt      0x20000080        0x0 c:/program files (x86)/atollic/truestudio for stm32 9.1.0/armtools/bin/../lib/gcc/arm-atollic-eabi/6.3.1/armv7e-m/fpu/crtbegin.o
                0x20000080                . = ALIGN (0x4)

.bss            0x20000080       0x20 load address 0x08001914
                0x20000080                _sbss = .
                0x20000080                __bss_start__ = _sbss
 *(.bss)
 .bss           0x20000080       0x1c c:/program files (x86)/atollic/truestudio for stm32 9.1.0/armtools/bin/../lib/gcc/arm-atollic-eabi/6.3.1/armv7e-m/fpu/crtbegin.o
 *(.bss*)
 .bss.Ticks     0x2000009c        0x4 User Library\Timer_Delay.o
                0x2000009c                Ticks
 *(COMMON)
                0x200000a0                . = ALIGN (0x4)
                0x200000a0                _ebss = .
                0x200000a0                __bss_end__ = _ebss

._user_heap_stack
                0x200000a0      0x400 load address 0x08001914
                0x200000a0                . = ALIGN (0x4)
                [!provide]                PROVIDE (end, .)
                [!provide]                PROVIDE (_end, .)
                0x200000a0                . = (. + _Min_Heap_Size)
                0x200004a0                . = (. + _Min_Stack_Size)
 *fill*         0x200000a0      0x400 
                0x200004a0                . = ALIGN (0x4)

.memory_b1_text
 *(.mb1text)
 *(.mb1text*)
 *(.mb1rodata)
 *(.mb1rodata*)

/DISCARD/
 libc.a(*)
 libm.a(*)
 libgcc.a(*)

.ARM.attributes
                0x00000000       0x30
 *(.ARM.attributes)
 .ARM.attributes
                0x00000000       0x22 c:/program files (x86)/atollic/truestudio for stm32 9.1.0/armtools/bin/../lib/gcc/arm-atollic-eabi/6.3.1/armv7e-m/fpu/crti.o
 .ARM.attributes
                0x00000022       0x34 c:/program files (x86)/atollic/truestudio for stm32 9.1.0/armtools/bin/../lib/gcc/arm-atollic-eabi/6.3.1/armv7e-m/fpu/crtbegin.o
 .ARM.attributes
                0x00000056       0x39 User Application\main.o
 .ARM.attributes
                0x0000008f       0x21 User Application\startup_stm32f411xe.o
 .ARM.attributes
                0x000000b0       0x39 User Application\system_stm32f4xx.o
 .ARM.attributes
                0x000000e9       0x39 User Library\GPIO_Driver.o
 .ARM.attributes
                0x00000122       0x39 User Library\I2C_Library.o
 .ARM.attributes
                0x0000015b       0x39 User Library\Timer_Delay.o
 .ARM.attributes
                0x00000194       0x34 c:/program files (x86)/atollic/truestudio for stm32 9.1.0/armtools/bin/../lib/gcc/arm-atollic-eabi/6.3.1/../../../../arm-atollic-eabi/lib/armv7e-m/fpu\libc.a(lib_a-init.o)
 .ARM.attributes
                0x000001c8       0x22 c:/program files (x86)/atollic/truestudio for stm32 9.1.0/armtools/bin/../lib/gcc/arm-atollic-eabi/6.3.1/armv7e-m/fpu/crtn.o
OUTPUT(GPIO_Driver.elf elf32-littlearm)

.debug_info     0x00000000     0x298a
 .debug_info    0x00000000      0xde4 User Application\main.o
 .debug_info    0x00000de4       0x98 User Application\startup_stm32f411xe.o
 .debug_info    0x00000e7c      0x4ca User Application\system_stm32f4xx.o
 .debug_info    0x00001346      0x9f6 User Library\GPIO_Driver.o
 .debug_info    0x00001d3c      0x4cc User Library\I2C_Library.o
 .debug_info    0x00002208      0x782 User Library\Timer_Delay.o

.debug_abbrev   0x00000000      0x812
 .debug_abbrev  0x00000000      0x228 User Application\main.o
 .debug_abbrev  0x00000228       0x12 User Application\startup_stm32f411xe.o
 .debug_abbrev  0x0000023a      0x11f User Application\system_stm32f4xx.o
 .debug_abbrev  0x00000359      0x1dc User Library\GPIO_Driver.o
 .debug_abbrev  0x00000535      0x151 User Library\I2C_Library.o
 .debug_abbrev  0x00000686      0x18c User Library\Timer_Delay.o

.debug_aranges  0x00000000      0x160
 .debug_aranges
                0x00000000       0x30 User Application\main.o
 .debug_aranges
                0x00000030       0x28 User Application\startup_stm32f411xe.o
 .debug_aranges
                0x00000058       0x28 User Application\system_stm32f4xx.o
 .debug_aranges
                0x00000080       0x68 User Library\GPIO_Driver.o
 .debug_aranges
                0x000000e8       0x40 User Library\I2C_Library.o
 .debug_aranges
                0x00000128       0x38 User Library\Timer_Delay.o

.debug_ranges   0x00000000      0x108
 .debug_ranges  0x00000000       0x20 User Application\main.o
 .debug_ranges  0x00000020       0x20 User Application\startup_stm32f411xe.o
 .debug_ranges  0x00000040       0x18 User Application\system_stm32f4xx.o
 .debug_ranges  0x00000058       0x58 User Library\GPIO_Driver.o
 .debug_ranges  0x000000b0       0x30 User Library\I2C_Library.o
 .debug_ranges  0x000000e0       0x28 User Library\Timer_Delay.o

.debug_line     0x00000000      0xdbd
 .debug_line    0x00000000      0x2e5 User Application\main.o
 .debug_line    0x000002e5       0x88 User Application\startup_stm32f411xe.o
 .debug_line    0x0000036d      0x1e6 User Application\system_stm32f4xx.o
 .debug_line    0x00000553      0x3fa User Library\GPIO_Driver.o
 .debug_line    0x0000094d      0x23b User Library\I2C_Library.o
 .debug_line    0x00000b88      0x235 User Library\Timer_Delay.o

.debug_str      0x00000000      0xe8e
 .debug_str     0x00000000      0xa5e User Application\main.o
                                0xb01 (size before relaxing)
 .debug_str     0x00000a5e      0x18a User Application\system_stm32f4xx.o
                                0x3b4 (size before relaxing)
 .debug_str     0x00000be8      0x171 User Library\GPIO_Driver.o
                                0x8d7 (size before relaxing)
 .debug_str     0x00000d59       0x71 User Library\I2C_Library.o
                                0x3e5 (size before relaxing)
 .debug_str     0x00000dca       0xc4 User Library\Timer_Delay.o
                                0x79d (size before relaxing)

.comment        0x00000000       0x7c
 .comment       0x00000000       0x7c User Application\main.o
                                 0x7d (size before relaxing)
 .comment       0x0000007c       0x7d User Application\system_stm32f4xx.o
 .comment       0x0000007c       0x7d User Library\GPIO_Driver.o
 .comment       0x0000007c       0x7d User Library\I2C_Library.o
 .comment       0x0000007c       0x7d User Library\Timer_Delay.o

.debug_frame    0x00000000      0x420
 .debug_frame   0x00000000       0x80 User Application\main.o
 .debug_frame   0x00000080       0x58 User Application\system_stm32f4xx.o
 .debug_frame   0x000000d8      0x1b8 User Library\GPIO_Driver.o
 .debug_frame   0x00000290       0xc8 User Library\I2C_Library.o
 .debug_frame   0x00000358       0x9c User Library\Timer_Delay.o
 .debug_frame   0x000003f4       0x2c c:/program files (x86)/atollic/truestudio for stm32 9.1.0/armtools/bin/../lib/gcc/arm-atollic-eabi/6.3.1/../../../../arm-atollic-eabi/lib/armv7e-m/fpu\libc.a(lib_a-init.o)

.stabstr        0x00000000       0x3f
 .stabstr       0x00000000       0x3f c:/program files (x86)/atollic/truestudio for stm32 9.1.0/armtools/bin/../lib/gcc/arm-atollic-eabi/6.3.1/../../../../arm-atollic-eabi/lib/armv7e-m/fpu\libnosys.a(write.o)

Cross Reference Table

Symbol                                            File
ADC_IRQHandler                                    User Application\startup_stm32f411xe.o
AHBPrescTable                                     User Application\system_stm32f4xx.o
BusFault_Handler                                  User Application\startup_stm32f411xe.o
DMA1_Stream0_IRQHandler                           User Application\startup_stm32f411xe.o
DMA1_Stream1_IRQHandler                           User Application\startup_stm32f411xe.o
DMA1_Stream2_IRQHandler                           User Application\startup_stm32f411xe.o
DMA1_Stream3_IRQHandler                           User Application\startup_stm32f411xe.o
DMA1_Stream4_IRQHandler                           User Application\startup_stm32f411xe.o
DMA1_Stream5_IRQHandler                           User Application\startup_stm32f411xe.o
DMA1_Stream6_IRQHandler                           User Application\startup_stm32f411xe.o
DMA1_Stream7_IRQHandler                           User Application\startup_stm32f411xe.o
DMA2_Stream0_IRQHandler                           User Application\startup_stm32f411xe.o
DMA2_Stream1_IRQHandler                           User Application\startup_stm32f411xe.o
DMA2_Stream2_IRQHandler                           User Application\startup_stm32f411xe.o
DMA2_Stream3_IRQHandler                           User Application\startup_stm32f411xe.o
DMA2_Stream4_IRQHandler                           User Application\startup_stm32f411xe.o
DMA2_Stream5_IRQHandler                           User Application\startup_stm32f411xe.o
DMA2_Stream6_IRQHandler                           User Application\startup_stm32f411xe.o
DMA2_Stream7_IRQHandler                           User Application\startup_stm32f411xe.o
DebugMon_Handler                                  User Application\startup_stm32f411xe.o
Default_Handler                                   User Application\startup_stm32f411xe.o
EXTI0_IRQHandler                                  User Application\startup_stm32f411xe.o
EXTI15_10_IRQHandler                              User Application\startup_stm32f411xe.o
EXTI1_IRQHandler                                  User Application\startup_stm32f411xe.o
EXTI2_IRQHandler                                  User Application\startup_stm32f411xe.o
EXTI3_IRQHandler                                  User Application\startup_stm32f411xe.o
EXTI4_IRQHandler                                  User Application\startup_stm32f411xe.o
EXTI9_5_IRQHandler                                User Application\startup_stm32f411xe.o
FLASH_IRQHandler                                  User Application\startup_stm32f411xe.o
FPU_IRQHandler                                    User Application\startup_stm32f411xe.o
HardFault_Handler                                 User Application\startup_stm32f411xe.o
I2C1_ER_IRQHandler                                User Application\main.o
I2C1_EV_IRQHandler                                User Application\startup_stm32f411xe.o
I2C2_ER_IRQHandler                                User Application\startup_stm32f411xe.o
I2C2_EV_IRQHandler                                User Application\startup_stm32f411xe.o
I2C3_ER_IRQHandler                                User Application\startup_stm32f411xe.o
I2C3_EV_IRQHandler                                User Application\startup_stm32f411xe.o
I2C_addressWrite                                  User Library\I2C_Library.o
                                                  User Application\main.o
I2C_data                                          User Library\I2C_Library.o
                                                  User Application\main.o
I2C_enable                                        User Library\I2C_Library.o
                                                  User Application\main.o
I2C_start                                         User Library\I2C_Library.o
                                                  User Application\main.o
I2C_stop                                          User Library\I2C_Library.o
                                                  User Application\main.o
MemManage_Handler                                 User Application\startup_stm32f411xe.o
NMI_Handler                                       User Application\startup_stm32f411xe.o
OTG_FS_IRQHandler                                 User Application\startup_stm32f411xe.o
OTG_FS_WKUP_IRQHandler                            User Application\startup_stm32f411xe.o
PINPOS                                            User Library\GPIO_Driver.o
PVD_IRQHandler                                    User Application\startup_stm32f411xe.o
PendSV_Handler                                    User Application\startup_stm32f411xe.o
RCC_IRQHandler                                    User Application\startup_stm32f411xe.o
RTC_Alarm_IRQHandler                              User Application\startup_stm32f411xe.o
RTC_WKUP_IRQHandler                               User Application\startup_stm32f411xe.o
Reset_Handler                                     User Application\startup_stm32f411xe.o
SDIO_IRQHandler                                   User Application\startup_stm32f411xe.o
SPI1_IRQHandler                                   User Application\startup_stm32f411xe.o
SPI2_IRQHandler                                   User Application\startup_stm32f411xe.o
SPI3_IRQHandler                                   User Application\startup_stm32f411xe.o
SPI4_IRQHandler                                   User Application\startup_stm32f411xe.o
SPI5_IRQHandler                                   User Application\startup_stm32f411xe.o
SVC_Handler                                       User Application\startup_stm32f411xe.o
SysTick_Handler                                   User Application\startup_stm32f411xe.o
SystemCoreClock                                   User Application\system_stm32f4xx.o
SystemCoreClockUpdate                             User Application\system_stm32f4xx.o
SystemInit                                        User Application\system_stm32f4xx.o
                                                  User Application\startup_stm32f411xe.o
TAMP_STAMP_IRQHandler                             User Application\startup_stm32f411xe.o
TIM1_BRK_TIM9_IRQHandler                          User Application\startup_stm32f411xe.o
TIM1_CC_IRQHandler                                User Application\startup_stm32f411xe.o
TIM1_TRG_COM_TIM11_IRQHandler                     User Application\startup_stm32f411xe.o
TIM1_UP_TIM10_IRQHandler                          User Application\startup_stm32f411xe.o
TIM2_IRQHandler                                   User Application\startup_stm32f411xe.o
TIM3_IRQHandler                                   User Application\startup_stm32f411xe.o
TIM4_IRQHandler                                   User Library\Timer_Delay.o
                                                  User Application\startup_stm32f411xe.o
TIM5_IRQHandler                                   User Application\startup_stm32f411xe.o
Ticks                                             User Library\Timer_Delay.o
USART1_IRQHandler                                 User Application\startup_stm32f411xe.o
USART2_IRQHandler                                 User Application\startup_stm32f411xe.o
USART6_IRQHandler                                 User Application\startup_stm32f411xe.o
UsageFault_Handler                                User Application\startup_stm32f411xe.o
WWDG_IRQHandler                                   User Application\startup_stm32f411xe.o
__deregister_frame_info                           c:/program files (x86)/atollic/truestudio for stm32 9.1.0/armtools/bin/../lib/gcc/arm-atollic-eabi/6.3.1/armv7e-m/fpu/crtbegin.o
__dso_handle                                      c:/program files (x86)/atollic/truestudio for stm32 9.1.0/armtools/bin/../lib/gcc/arm-atollic-eabi/6.3.1/armv7e-m/fpu/crtbegin.o
__init_array_end                                  c:/program files (x86)/atollic/truestudio for stm32 9.1.0/armtools/bin/../lib/gcc/arm-atollic-eabi/6.3.1/../../../../arm-atollic-eabi/lib/armv7e-m/fpu\libc.a(lib_a-init.o)
__init_array_start                                c:/program files (x86)/atollic/truestudio for stm32 9.1.0/armtools/bin/../lib/gcc/arm-atollic-eabi/6.3.1/../../../../arm-atollic-eabi/lib/armv7e-m/fpu\libc.a(lib_a-init.o)
__libc_init_array                                 c:/program files (x86)/atollic/truestudio for stm32 9.1.0/armtools/bin/../lib/gcc/arm-atollic-eabi/6.3.1/../../../../arm-atollic-eabi/lib/armv7e-m/fpu\libc.a(lib_a-init.o)
                                                  User Application\startup_stm32f411xe.o
__preinit_array_end                               c:/program files (x86)/atollic/truestudio for stm32 9.1.0/armtools/bin/../lib/gcc/arm-atollic-eabi/6.3.1/../../../../arm-atollic-eabi/lib/armv7e-m/fpu\libc.a(lib_a-init.o)
__preinit_array_start                             c:/program files (x86)/atollic/truestudio for stm32 9.1.0/armtools/bin/../lib/gcc/arm-atollic-eabi/6.3.1/../../../../arm-atollic-eabi/lib/armv7e-m/fpu\libc.a(lib_a-init.o)
__register_frame_info                             c:/program files (x86)/atollic/truestudio for stm32 9.1.0/armtools/bin/../lib/gcc/arm-atollic-eabi/6.3.1/armv7e-m/fpu/crtbegin.o
_ebss                                             User Application\startup_stm32f411xe.o
_edata                                            User Application\startup_stm32f411xe.o
_estack                                           User Application\startup_stm32f411xe.o
_fini                                             c:/program files (x86)/atollic/truestudio for stm32 9.1.0/armtools/bin/../lib/gcc/arm-atollic-eabi/6.3.1/armv7e-m/fpu/crti.o
_init                                             c:/program files (x86)/atollic/truestudio for stm32 9.1.0/armtools/bin/../lib/gcc/arm-atollic-eabi/6.3.1/armv7e-m/fpu/crti.o
                                                  c:/program files (x86)/atollic/truestudio for stm32 9.1.0/armtools/bin/../lib/gcc/arm-atollic-eabi/6.3.1/../../../../arm-atollic-eabi/lib/armv7e-m/fpu\libc.a(lib_a-init.o)
_sbss                                             User Application\startup_stm32f411xe.o
_sdata                                            User Application\startup_stm32f411xe.o
_sidata                                           User Application\startup_stm32f411xe.o
_write                                            c:/program files (x86)/atollic/truestudio for stm32 9.1.0/armtools/bin/../lib/gcc/arm-atollic-eabi/6.3.1/../../../../arm-atollic-eabi/lib/armv7e-m/fpu\libnosys.a(write.o)
                                                  User Application\tiny_printf.o
alt_PINPOS                                        User Library\GPIO_Driver.o
config_clock_50MHz                                User Library\Timer_Delay.o
                                                  User Application\main.o
delay_mS                                          User Library\Timer_Delay.o
                                                  User Library\lcd_4bit.o
errno                                             c:/program files (x86)/atollic/truestudio for stm32 9.1.0/armtools/bin/../lib/gcc/arm-atollic-eabi/6.3.1/../../../../arm-atollic-eabi/lib/armv7e-m/fpu\libnosys.a(errno.o)
                                                  c:/program files (x86)/atollic/truestudio for stm32 9.1.0/armtools/bin/../lib/gcc/arm-atollic-eabi/6.3.1/../../../../arm-atollic-eabi/lib/armv7e-m/fpu\libnosys.a(write.o)
fiprintf                                          User Application\tiny_printf.o
fprintf                                           User Application\tiny_printf.o
fputs                                             User Application\tiny_printf.o
fwrite                                            User Application\tiny_printf.o
g_pfnVectors                                      User Application\startup_stm32f411xe.o
gpio_init                                         User Library\GPIO_Driver.o
gpio_interrupt_clear                              User Library\GPIO_Driver.o
gpio_interrupt_configure                          User Library\GPIO_Driver.o
gpio_interrupt_enable                             User Library\GPIO_Driver.o
gpio_port_clear                                   User Library\GPIO_Driver.o
                                                  User Library\lcd_4bit.o
gpio_port_config                                  User Library\GPIO_Driver.o
                                                  User Library\lcd_4bit.o
                                                  User Library\I2C_Library.o
                                                  User Application\main.o
gpio_port_set                                     User Library\GPIO_Driver.o
gpio_write                                        User Library\GPIO_Driver.o
                                                  User Library\lcd_4bit.o
                                                  User Application\main.o
iprintf                                           User Application\tiny_printf.o
lcd_clear                                         User Library\lcd_4bit.o
lcd_goto_xy                                       User Library\lcd_4bit.o
lcd_init                                          User Library\lcd_4bit.o
lcd_print                                         User Library\lcd_4bit.o
lcd_send_cmd                                      User Library\lcd_4bit.o
lcd_send_data                                     User Library\lcd_4bit.o
main                                              User Application\main.o
                                                  User Application\startup_stm32f411xe.o
printf                                            User Application\tiny_printf.o
puts                                              User Application\tiny_printf.o
siprintf                                          User Application\tiny_printf.o
sprintf                                           User Application\tiny_printf.o
strlen                                            c:/program files (x86)/atollic/truestudio for stm32 9.1.0/armtools/bin/../lib/gcc/arm-atollic-eabi/6.3.1/../../../../arm-atollic-eabi/lib/armv7e-m/fpu\libc.a(lib_a-strlen.o)
                                                  User Library\lcd_4bit.o
                                                  User Application\tiny_printf.o
ts_formatlength                                   User Application\tiny_printf.o
ts_formatstring                                   User Application\tiny_printf.o
ts_itoa                                           User Application\tiny_printf.o
