02:55:34 **** Incremental Build of configuration Debug for project GPIO_Driver ****
Info: Internal Builder is used for build
arm-atollic-eabi-gcc -c ..\User Library\I2C_Library.c -mthumb -mcpu=cortex-m4 -mfloat-abi=hard -mfpu=fpv4-sp-d16 -std=gnu11 -DSTM32F411xE -I../src -I../Drivers/CMSIS/Include -I../Drivers/CMSIS/Device/ST/STM32F4xx/Include -I../Drivers/STM32F4xx_HAL_Driver/Inc -IC:\Users\Falcon\Atollic\TrueSTUDIO\STM32_workspace_9.1\GPIO_Driver -IC:\Users\Falcon\Atollic\TrueSTUDIO\STM32_workspace_9.1\GPIO_Driver\User Library -O0 -ffunction-sections -fdata-sections -g -fstack-usage -Wall -o User Library\I2C_Library.o 
In file included from ..\User Library\I2C_Library.h:11:0,
                 from ..\User Library\I2C_Library.c:8:
..\User Library\GPIO_Driver.h:124:13: warning: 'config_pin' declared 'static' but never defined [-Wunused-function]
 static void config_pin(GPIO_TypeDef *port, uint32_t pinNumber, uint32_t pinSpeed, uint32_t mode, uint16_t mode_type, uint32_t alt_func);
             ^~~~~~~~~~
arm-atollic-eabi-gcc -c ..\User Application\main.c -mthumb -mcpu=cortex-m4 -mfloat-abi=hard -mfpu=fpv4-sp-d16 -std=gnu11 -DSTM32F411xE -I../src -I../Drivers/CMSIS/Include -I../Drivers/CMSIS/Device/ST/STM32F4xx/Include -I../Drivers/STM32F4xx_HAL_Driver/Inc -IC:\Users\Falcon\Atollic\TrueSTUDIO\STM32_workspace_9.1\GPIO_Driver -IC:\Users\Falcon\Atollic\TrueSTUDIO\STM32_workspace_9.1\GPIO_Driver\User Library -O0 -ffunction-sections -fdata-sections -g -fstack-usage -Wall -o User Application\main.o 
In file included from ..\User Application\main.c:4:0:
C:\Users\Falcon\Atollic\TrueSTUDIO\STM32_workspace_9.1\GPIO_Driver\User Library/GPIO_Driver.h:124:13: warning: 'config_pin' declared 'static' but never defined [-Wunused-function]
 static void config_pin(GPIO_TypeDef *port, uint32_t pinNumber, uint32_t pinSpeed, uint32_t mode, uint16_t mode_type, uint32_t alt_func);
             ^~~~~~~~~~
arm-atollic-eabi-gcc -c ..\User Library\Timer_Delay.c -mthumb -mcpu=cortex-m4 -mfloat-abi=hard -mfpu=fpv4-sp-d16 -std=gnu11 -DSTM32F411xE -I../src -I../Drivers/CMSIS/Include -I../Drivers/CMSIS/Device/ST/STM32F4xx/Include -I../Drivers/STM32F4xx_HAL_Driver/Inc -IC:\Users\Falcon\Atollic\TrueSTUDIO\STM32_workspace_9.1\GPIO_Driver -IC:\Users\Falcon\Atollic\TrueSTUDIO\STM32_workspace_9.1\GPIO_Driver\User Library -O0 -ffunction-sections -fdata-sections -g -fstack-usage -Wall -o User Library\Timer_Delay.o 
..\User Library\Timer_Delay.c: In function 'TIM4_IRQHandler':
..\User Library\Timer_Delay.c:103:2: error: 'Ticks' undeclared (first use in this function)
  Ticks++;
  ^~~~~
..\User Library\Timer_Delay.c:103:2: note: each undeclared identifier is reported only once for each function it appears in
..\User Library\Timer_Delay.c: In function 'delay_mS':
..\User Library\Timer_Delay.c:112:3: error: 'Ticks' undeclared (first use in this function)
   Ticks = 0;
   ^~~~~
02:57:58 **** Incremental Build of configuration Debug for project GPIO_Driver ****
Info: Internal Builder is used for build
arm-atollic-eabi-gcc -c ..\User Application\main.c -mthumb -mcpu=cortex-m4 -mfloat-abi=hard -mfpu=fpv4-sp-d16 -std=gnu11 -DSTM32F411xE -I../src -I../Drivers/CMSIS/Include -I../Drivers/CMSIS/Device/ST/STM32F4xx/Include -I../Drivers/STM32F4xx_HAL_Driver/Inc -IC:\Users\Falcon\Atollic\TrueSTUDIO\STM32_workspace_9.1\GPIO_Driver -IC:\Users\Falcon\Atollic\TrueSTUDIO\STM32_workspace_9.1\GPIO_Driver\User Library -O0 -ffunction-sections -fdata-sections -g -fstack-usage -Wall -o User Application\main.o 
In file included from ..\User Application\main.c:4:0:
C:\Users\Falcon\Atollic\TrueSTUDIO\STM32_workspace_9.1\GPIO_Driver\User Library/GPIO_Driver.h:124:13: warning: 'config_pin' declared 'static' but never defined [-Wunused-function]
 static void config_pin(GPIO_TypeDef *port, uint32_t pinNumber, uint32_t pinSpeed, uint32_t mode, uint16_t mode_type, uint32_t alt_func);
             ^~~~~~~~~~
arm-atollic-eabi-gcc -c ..\User Library\I2C_Library.c -mthumb -mcpu=cortex-m4 -mfloat-abi=hard -mfpu=fpv4-sp-d16 -std=gnu11 -DSTM32F411xE -I../src -I../Drivers/CMSIS/Include -I../Drivers/CMSIS/Device/ST/STM32F4xx/Include -I../Drivers/STM32F4xx_HAL_Driver/Inc -IC:\Users\Falcon\Atollic\TrueSTUDIO\STM32_workspace_9.1\GPIO_Driver -IC:\Users\Falcon\Atollic\TrueSTUDIO\STM32_workspace_9.1\GPIO_Driver\User Library -O0 -ffunction-sections -fdata-sections -g -fstack-usage -Wall -o User Library\I2C_Library.o 
In file included from ..\User Library\I2C_Library.h:11:0,
                 from ..\User Library\I2C_Library.c:8:
..\User Library\GPIO_Driver.h:124:13: warning: 'config_pin' declared 'static' but never defined [-Wunused-function]
 static void config_pin(GPIO_TypeDef *port, uint32_t pinNumber, uint32_t pinSpeed, uint32_t mode, uint16_t mode_type, uint32_t alt_func);
             ^~~~~~~~~~
arm-atollic-eabi-gcc -c ..\User Library\Timer_Delay.c -mthumb -mcpu=cortex-m4 -mfloat-abi=hard -mfpu=fpv4-sp-d16 -std=gnu11 -DSTM32F411xE -I../src -I../Drivers/CMSIS/Include -I../Drivers/CMSIS/Device/ST/STM32F4xx/Include -I../Drivers/STM32F4xx_HAL_Driver/Inc -IC:\Users\Falcon\Atollic\TrueSTUDIO\STM32_workspace_9.1\GPIO_Driver -IC:\Users\Falcon\Atollic\TrueSTUDIO\STM32_workspace_9.1\GPIO_Driver\User Library -O0 -ffunction-sections -fdata-sections -g -fstack-usage -Wall -o User Library\Timer_Delay.o 
..\User Library\Timer_Delay.c: In function 'TIM4_IRQHandler':
..\User Library\Timer_Delay.c:103:2: error: 'Ticks' undeclared (first use in this function)
  Ticks++;
  ^~~~~
..\User Library\Timer_Delay.c:103:2: note: each undeclared identifier is reported only once for each function it appears in
..\User Library\Timer_Delay.c: In function 'delay_mS':
..\User Library\Timer_Delay.c:112:3: error: 'Ticks' undeclared (first use in this function)
   Ticks = 0;
   ^~~~~
02:58:27 **** Incremental Build of configuration Debug for project GPIO_Driver ****
Info: Internal Builder is used for build
arm-atollic-eabi-gcc -c ..\User Library\Timer_Delay.c -mthumb -mcpu=cortex-m4 -mfloat-abi=hard -mfpu=fpv4-sp-d16 -std=gnu11 -DSTM32F411xE -I../src -I../Drivers/CMSIS/Include -I../Drivers/CMSIS/Device/ST/STM32F4xx/Include -I../Drivers/STM32F4xx_HAL_Driver/Inc -IC:\Users\Falcon\Atollic\TrueSTUDIO\STM32_workspace_9.1\GPIO_Driver -IC:\Users\Falcon\Atollic\TrueSTUDIO\STM32_workspace_9.1\GPIO_Driver\User Library -O0 -ffunction-sections -fdata-sections -g -fstack-usage -Wall -o User Library\Timer_Delay.o 
arm-atollic-eabi-gcc -o GPIO_Driver.elf User Application\main.o User Application\startup_stm32f411xe.o User Application\system_stm32f4xx.o User Application\tiny_printf.o User Library\GPIO_Driver.o User Library\I2C_Library.o User Library\Timer_Delay.o User Library\lcd_4bit.o User Library\lcd_8bit.o -mthumb -mcpu=cortex-m4 -mfloat-abi=hard -mfpu=fpv4-sp-d16 -T../stm32_flash.ld -specs=nosys.specs -static -Wl,-cref,-u,Reset_Handler -Wl,-Map=GPIO_Driver.map -Wl,--gc-sections -Wl,--defsym=malloc_getpagesize_P=0x80 -Wl,--start-group -lc -lm -Wl,--end-group 
C:\Program Files (x86)\Atollic\TrueSTUDIO for STM32 9.1.0\ide\jre\bin\java -jar C:\Program Files (x86)\Atollic\TrueSTUDIO for STM32 9.1.0\Tools\arm-atollic-reports.jar sizeinfo list GPIO_Driver.elf 
Generate build reports...
Print size information
   text	   data	    bss	    dec	    hex	filename
   6272	    136	   1056	   7464	   1d28	GPIO_Driver.elf
Print size information done
Generate listing file
Output sent to: GPIO_Driver.list
Generate listing file done
Generate build reports done
03:14:47 **** Incremental Build of configuration Debug for project GPIO_Driver ****
Info: Internal Builder is used for build
arm-atollic-eabi-gcc -c ..\User Library\I2C_Library.c -mthumb -mcpu=cortex-m4 -mfloat-abi=hard -mfpu=fpv4-sp-d16 -std=gnu11 -DSTM32F411xE -I../src -I../Drivers/CMSIS/Include -I../Drivers/CMSIS/Device/ST/STM32F4xx/Include -I../Drivers/STM32F4xx_HAL_Driver/Inc -IC:\Users\Falcon\Atollic\TrueSTUDIO\STM32_workspace_9.1\GPIO_Driver -IC:\Users\Falcon\Atollic\TrueSTUDIO\STM32_workspace_9.1\GPIO_Driver\User Library -O0 -ffunction-sections -fdata-sections -g -fstack-usage -Wall -o User Library\I2C_Library.o 
In file included from ..\User Library\I2C_Library.h:11:0,
                 from ..\User Library\I2C_Library.c:8:
..\User Library\GPIO_Driver.h:124:13: warning: 'config_pin' declared 'static' but never defined [-Wunused-function]
 static void config_pin(GPIO_TypeDef *port, uint32_t pinNumber, uint32_t pinSpeed, uint32_t mode, uint16_t mode_type, uint32_t alt_func);
             ^~~~~~~~~~
arm-atollic-eabi-gcc -o GPIO_Driver.elf User Application\main.o User Application\startup_stm32f411xe.o User Application\system_stm32f4xx.o User Application\tiny_printf.o User Library\GPIO_Driver.o User Library\I2C_Library.o User Library\Timer_Delay.o User Library\lcd_4bit.o User Library\lcd_8bit.o -mthumb -mcpu=cortex-m4 -mfloat-abi=hard -mfpu=fpv4-sp-d16 -T../stm32_flash.ld -specs=nosys.specs -static -Wl,-cref,-u,Reset_Handler -Wl,-Map=GPIO_Driver.map -Wl,--gc-sections -Wl,--defsym=malloc_getpagesize_P=0x80 -Wl,--start-group -lc -lm -Wl,--end-group 
C:\Program Files (x86)\Atollic\TrueSTUDIO for STM32 9.1.0\ide\jre\bin\java -jar C:\Program Files (x86)\Atollic\TrueSTUDIO for STM32 9.1.0\Tools\arm-atollic-reports.jar sizeinfo list GPIO_Driver.elf 
Generate build reports...
Print size information
   text	   data	    bss	    dec	    hex	filename
   6248	    136	   1056	   7440	   1d10	GPIO_Driver.elf
Print size information done
Generate listing file
Output sent to: GPIO_Driver.list
Generate listing file done
Generate build reports done
03:15:18 **** Incremental Build of configuration Debug for project GPIO_Driver ****
Info: Internal Builder is used for build
arm-atollic-eabi-gcc -c ..\User Library\I2C_Library.c -mthumb -mcpu=cortex-m4 -mfloat-abi=hard -mfpu=fpv4-sp-d16 -std=gnu11 -DSTM32F411xE -I../src -I../Drivers/CMSIS/Include -I../Drivers/CMSIS/Device/ST/STM32F4xx/Include -I../Drivers/STM32F4xx_HAL_Driver/Inc -IC:\Users\Falcon\Atollic\TrueSTUDIO\STM32_workspace_9.1\GPIO_Driver -IC:\Users\Falcon\Atollic\TrueSTUDIO\STM32_workspace_9.1\GPIO_Driver\User Library -O0 -ffunction-sections -fdata-sections -g -fstack-usage -Wall -o User Library\I2C_Library.o 
In file included from ..\User Library\I2C_Library.h:11:0,
                 from ..\User Library\I2C_Library.c:8:
..\User Library\GPIO_Driver.h:124:13: warning: 'config_pin' declared 'static' but never defined [-Wunused-function]
 static void config_pin(GPIO_TypeDef *port, uint32_t pinNumber, uint32_t pinSpeed, uint32_t mode, uint16_t mode_type, uint32_t alt_func);
             ^~~~~~~~~~
arm-atollic-eabi-gcc -o GPIO_Driver.elf User Application\main.o User Application\startup_stm32f411xe.o User Application\system_stm32f4xx.o User Application\tiny_printf.o User Library\GPIO_Driver.o User Library\I2C_Library.o User Library\Timer_Delay.o User Library\lcd_4bit.o User Library\lcd_8bit.o -mthumb -mcpu=cortex-m4 -mfloat-abi=hard -mfpu=fpv4-sp-d16 -T../stm32_flash.ld -specs=nosys.specs -static -Wl,-cref,-u,Reset_Handler -Wl,-Map=GPIO_Driver.map -Wl,--gc-sections -Wl,--defsym=malloc_getpagesize_P=0x80 -Wl,--start-group -lc -lm -Wl,--end-group 
C:\Program Files (x86)\Atollic\TrueSTUDIO for STM32 9.1.0\ide\jre\bin\java -jar C:\Program Files (x86)\Atollic\TrueSTUDIO for STM32 9.1.0\Tools\arm-atollic-reports.jar sizeinfo list GPIO_Driver.elf 
Generate build reports...
Print size information
   text	   data	    bss	    dec	    hex	filename
   6272	    136	   1056	   7464	   1d28	GPIO_Driver.elf
Print size information done
Generate listing file
Output sent to: GPIO_Driver.list
Generate listing file done
Generate build reports done
03:15:41 **** Incremental Build of configuration Debug for project GPIO_Driver ****
Info: Internal Builder is used for build
arm-atollic-eabi-gcc -c ..\User Application\main.c -mthumb -mcpu=cortex-m4 -mfloat-abi=hard -mfpu=fpv4-sp-d16 -std=gnu11 -DSTM32F411xE -I../src -I../Drivers/CMSIS/Include -I../Drivers/CMSIS/Device/ST/STM32F4xx/Include -I../Drivers/STM32F4xx_HAL_Driver/Inc -IC:\Users\Falcon\Atollic\TrueSTUDIO\STM32_workspace_9.1\GPIO_Driver -IC:\Users\Falcon\Atollic\TrueSTUDIO\STM32_workspace_9.1\GPIO_Driver\User Library -O0 -ffunction-sections -fdata-sections -g -fstack-usage -Wall -o User Application\main.o 
In file included from ..\User Application\main.c:4:0:
C:\Users\Falcon\Atollic\TrueSTUDIO\STM32_workspace_9.1\GPIO_Driver\User Library/GPIO_Driver.h:124:13: warning: 'config_pin' declared 'static' but never defined [-Wunused-function]
 static void config_pin(GPIO_TypeDef *port, uint32_t pinNumber, uint32_t pinSpeed, uint32_t mode, uint16_t mode_type, uint32_t alt_func);
             ^~~~~~~~~~
arm-atollic-eabi-gcc -o GPIO_Driver.elf User Application\main.o User Application\startup_stm32f411xe.o User Application\system_stm32f4xx.o User Application\tiny_printf.o User Library\GPIO_Driver.o User Library\I2C_Library.o User Library\Timer_Delay.o User Library\lcd_4bit.o User Library\lcd_8bit.o -mthumb -mcpu=cortex-m4 -mfloat-abi=hard -mfpu=fpv4-sp-d16 -T../stm32_flash.ld -specs=nosys.specs -static -Wl,-cref,-u,Reset_Handler -Wl,-Map=GPIO_Driver.map -Wl,--gc-sections -Wl,--defsym=malloc_getpagesize_P=0x80 -Wl,--start-group -lc -lm -Wl,--end-group 
C:\Program Files (x86)\Atollic\TrueSTUDIO for STM32 9.1.0\ide\jre\bin\java -jar C:\Program Files (x86)\Atollic\TrueSTUDIO for STM32 9.1.0\Tools\arm-atollic-reports.jar sizeinfo list GPIO_Driver.elf 
Generate build reports...
Print size information
   text	   data	    bss	    dec	    hex	filename
   6272	    136	   1056	   7464	   1d28	GPIO_Driver.elf
Print size information done
Generate listing file
Output sent to: GPIO_Driver.list
Generate listing file done
Generate build reports done
03:17:13 **** Incremental Build of configuration Debug for project GPIO_Driver ****
Info: Internal Builder is used for build
arm-atollic-eabi-gcc -c ..\User Library\I2C_Library.c -mthumb -mcpu=cortex-m4 -mfloat-abi=hard -mfpu=fpv4-sp-d16 -std=gnu11 -DSTM32F411xE -I../src -I../Drivers/CMSIS/Include -I../Drivers/CMSIS/Device/ST/STM32F4xx/Include -I../Drivers/STM32F4xx_HAL_Driver/Inc -IC:\Users\Falcon\Atollic\TrueSTUDIO\STM32_workspace_9.1\GPIO_Driver -IC:\Users\Falcon\Atollic\TrueSTUDIO\STM32_workspace_9.1\GPIO_Driver\User Library -O0 -ffunction-sections -fdata-sections -g -fstack-usage -Wall -o User Library\I2C_Library.o 
In file included from ..\User Library\I2C_Library.h:11:0,
                 from ..\User Library\I2C_Library.c:8:
..\User Library\GPIO_Driver.h:124:13: warning: 'config_pin' declared 'static' but never defined [-Wunused-function]
 static void config_pin(GPIO_TypeDef *port, uint32_t pinNumber, uint32_t pinSpeed, uint32_t mode, uint16_t mode_type, uint32_t alt_func);
             ^~~~~~~~~~
arm-atollic-eabi-gcc -o GPIO_Driver.elf User Application\main.o User Application\startup_stm32f411xe.o User Application\system_stm32f4xx.o User Application\tiny_printf.o User Library\GPIO_Driver.o User Library\I2C_Library.o User Library\Timer_Delay.o User Library\lcd_4bit.o User Library\lcd_8bit.o -mthumb -mcpu=cortex-m4 -mfloat-abi=hard -mfpu=fpv4-sp-d16 -T../stm32_flash.ld -specs=nosys.specs -static -Wl,-cref,-u,Reset_Handler -Wl,-Map=GPIO_Driver.map -Wl,--gc-sections -Wl,--defsym=malloc_getpagesize_P=0x80 -Wl,--start-group -lc -lm -Wl,--end-group 
C:\Program Files (x86)\Atollic\TrueSTUDIO for STM32 9.1.0\ide\jre\bin\java -jar C:\Program Files (x86)\Atollic\TrueSTUDIO for STM32 9.1.0\Tools\arm-atollic-reports.jar sizeinfo list GPIO_Driver.elf 
Generate build reports...
Print size information
   text	   data	    bss	    dec	    hex	filename
   6272	    136	   1056	   7464	   1d28	GPIO_Driver.elf
Print size information done
Generate listing file
Output sent to: GPIO_Driver.list
Generate listing file done
Generate build reports done
03:17:34 **** Incremental Build of configuration Debug for project GPIO_Driver ****
Info: Internal Builder is used for build
arm-atollic-eabi-gcc -c ..\User Application\main.c -mthumb -mcpu=cortex-m4 -mfloat-abi=hard -mfpu=fpv4-sp-d16 -std=gnu11 -DSTM32F411xE -I../src -I../Drivers/CMSIS/Include -I../Drivers/CMSIS/Device/ST/STM32F4xx/Include -I../Drivers/STM32F4xx_HAL_Driver/Inc -IC:\Users\Falcon\Atollic\TrueSTUDIO\STM32_workspace_9.1\GPIO_Driver -IC:\Users\Falcon\Atollic\TrueSTUDIO\STM32_workspace_9.1\GPIO_Driver\User Library -O0 -ffunction-sections -fdata-sections -g -fstack-usage -Wall -o User Application\main.o 
In file included from ..\User Application\main.c:4:0:
C:\Users\Falcon\Atollic\TrueSTUDIO\STM32_workspace_9.1\GPIO_Driver\User Library/GPIO_Driver.h:124:13: warning: 'config_pin' declared 'static' but never defined [-Wunused-function]
 static void config_pin(GPIO_TypeDef *port, uint32_t pinNumber, uint32_t pinSpeed, uint32_t mode, uint16_t mode_type, uint32_t alt_func);
             ^~~~~~~~~~
arm-atollic-eabi-gcc -o GPIO_Driver.elf User Application\main.o User Application\startup_stm32f411xe.o User Application\system_stm32f4xx.o User Application\tiny_printf.o User Library\GPIO_Driver.o User Library\I2C_Library.o User Library\Timer_Delay.o User Library\lcd_4bit.o User Library\lcd_8bit.o -mthumb -mcpu=cortex-m4 -mfloat-abi=hard -mfpu=fpv4-sp-d16 -T../stm32_flash.ld -specs=nosys.specs -static -Wl,-cref,-u,Reset_Handler -Wl,-Map=GPIO_Driver.map -Wl,--gc-sections -Wl,--defsym=malloc_getpagesize_P=0x80 -Wl,--start-group -lc -lm -Wl,--end-group 
C:\Program Files (x86)\Atollic\TrueSTUDIO for STM32 9.1.0\ide\jre\bin\java -jar C:\Program Files (x86)\Atollic\TrueSTUDIO for STM32 9.1.0\Tools\arm-atollic-reports.jar sizeinfo list GPIO_Driver.elf 
Generate build reports...
Print size information
   text	   data	    bss	    dec	    hex	filename
   6272	    136	   1056	   7464	   1d28	GPIO_Driver.elf
Print size information done
Generate listing file
Output sent to: GPIO_Driver.list
Generate listing file done
Generate build reports done
03:17:59 **** Incremental Build of configuration Debug for project GPIO_Driver ****
Info: Internal Builder is used for build
arm-atollic-eabi-gcc -c ..\User Library\I2C_Library.c -mthumb -mcpu=cortex-m4 -mfloat-abi=hard -mfpu=fpv4-sp-d16 -std=gnu11 -DSTM32F411xE -I../src -I../Drivers/CMSIS/Include -I../Drivers/CMSIS/Device/ST/STM32F4xx/Include -I../Drivers/STM32F4xx_HAL_Driver/Inc -IC:\Users\Falcon\Atollic\TrueSTUDIO\STM32_workspace_9.1\GPIO_Driver -IC:\Users\Falcon\Atollic\TrueSTUDIO\STM32_workspace_9.1\GPIO_Driver\User Library -O0 -ffunction-sections -fdata-sections -g -fstack-usage -Wall -o User Library\I2C_Library.o 
In file included from ..\User Library\I2C_Library.h:11:0,
                 from ..\User Library\I2C_Library.c:8:
..\User Library\GPIO_Driver.h:124:13: warning: 'config_pin' declared 'static' but never defined [-Wunused-function]
 static void config_pin(GPIO_TypeDef *port, uint32_t pinNumber, uint32_t pinSpeed, uint32_t mode, uint16_t mode_type, uint32_t alt_func);
             ^~~~~~~~~~
arm-atollic-eabi-gcc -o GPIO_Driver.elf User Application\main.o User Application\startup_stm32f411xe.o User Application\system_stm32f4xx.o User Application\tiny_printf.o User Library\GPIO_Driver.o User Library\I2C_Library.o User Library\Timer_Delay.o User Library\lcd_4bit.o User Library\lcd_8bit.o -mthumb -mcpu=cortex-m4 -mfloat-abi=hard -mfpu=fpv4-sp-d16 -T../stm32_flash.ld -specs=nosys.specs -static -Wl,-cref,-u,Reset_Handler -Wl,-Map=GPIO_Driver.map -Wl,--gc-sections -Wl,--defsym=malloc_getpagesize_P=0x80 -Wl,--start-group -lc -lm -Wl,--end-group 
C:\Program Files (x86)\Atollic\TrueSTUDIO for STM32 9.1.0\ide\jre\bin\java -jar C:\Program Files (x86)\Atollic\TrueSTUDIO for STM32 9.1.0\Tools\arm-atollic-reports.jar sizeinfo list GPIO_Driver.elf 
Generate build reports...
Print size information
   text	   data	    bss	    dec	    hex	filename
   6248	    136	   1056	   7440	   1d10	GPIO_Driver.elf
Print size information done
Generate listing file
Output sent to: GPIO_Driver.list
Generate listing file done
Generate build reports done
21:47:52 **** Incremental Build of configuration Debug for project GPIO_Driver ****
Info: Internal Builder is used for build
arm-atollic-eabi-gcc -c ..\User Application\main.c -mthumb -mcpu=cortex-m4 -mfloat-abi=hard -mfpu=fpv4-sp-d16 -std=gnu11 -DSTM32F411xE -I../src -I../Drivers/CMSIS/Include -I../Drivers/CMSIS/Device/ST/STM32F4xx/Include -I../Drivers/STM32F4xx_HAL_Driver/Inc -IC:\Users\Falcon\Atollic\TrueSTUDIO\STM32_workspace_9.1\GPIO_Driver -IC:\Users\Falcon\Atollic\TrueSTUDIO\STM32_workspace_9.1\GPIO_Driver\User Library -O0 -ffunction-sections -fdata-sections -g -fstack-usage -Wall -o User Application\main.o 
In file included from ..\User Application\main.c:4:0:
C:\Users\Falcon\Atollic\TrueSTUDIO\STM32_workspace_9.1\GPIO_Driver\User Library/GPIO_Driver.h:124:13: warning: 'config_pin' declared 'static' but never defined [-Wunused-function]
 static void config_pin(GPIO_TypeDef *port, uint32_t pinNumber, uint32_t pinSpeed, uint32_t mode, uint16_t mode_type, uint32_t alt_func);
             ^~~~~~~~~~
arm-atollic-eabi-gcc -o GPIO_Driver.elf User Application\main.o User Application\startup_stm32f411xe.o User Application\system_stm32f4xx.o User Application\tiny_printf.o User Library\GPIO_Driver.o User Library\I2C_Library.o User Library\Timer_Delay.o User Library\lcd_4bit.o User Library\lcd_8bit.o -mthumb -mcpu=cortex-m4 -mfloat-abi=hard -mfpu=fpv4-sp-d16 -T../stm32_flash.ld -specs=nosys.specs -static -Wl,-cref,-u,Reset_Handler -Wl,-Map=GPIO_Driver.map -Wl,--gc-sections -Wl,--defsym=malloc_getpagesize_P=0x80 -Wl,--start-group -lc -lm -Wl,--end-group 
C:\Program Files (x86)\Atollic\TrueSTUDIO for STM32 9.1.0\ide\jre\bin\java -jar C:\Program Files (x86)\Atollic\TrueSTUDIO for STM32 9.1.0\Tools\arm-atollic-reports.jar sizeinfo list GPIO_Driver.elf 
Generate build reports...
Print size information
   text	   data	    bss	    dec	    hex	filename
   6240	    136	   1056	   7432	   1d08	GPIO_Driver.elf
Print size information done
Generate listing file
Output sent to: GPIO_Driver.list
Generate listing file done
Generate build reports done
21:48:49 **** Incremental Build of configuration Debug for project GPIO_Driver ****
Info: Internal Builder is used for build
arm-atollic-eabi-gcc -c ..\User Application\main.c -mthumb -mcpu=cortex-m4 -mfloat-abi=hard -mfpu=fpv4-sp-d16 -std=gnu11 -DSTM32F411xE -I../src -I../Drivers/CMSIS/Include -I../Drivers/CMSIS/Device/ST/STM32F4xx/Include -I../Drivers/STM32F4xx_HAL_Driver/Inc -IC:\Users\Falcon\Atollic\TrueSTUDIO\STM32_workspace_9.1\GPIO_Driver -IC:\Users\Falcon\Atollic\TrueSTUDIO\STM32_workspace_9.1\GPIO_Driver\User Library -O0 -ffunction-sections -fdata-sections -g -fstack-usage -Wall -o User Application\main.o 
In file included from ..\User Application\main.c:4:0:
C:\Users\Falcon\Atollic\TrueSTUDIO\STM32_workspace_9.1\GPIO_Driver\User Library/GPIO_Driver.h:124:13: warning: 'config_pin' declared 'static' but never defined [-Wunused-function]
 static void config_pin(GPIO_TypeDef *port, uint32_t pinNumber, uint32_t pinSpeed, uint32_t mode, uint16_t mode_type, uint32_t alt_func);
             ^~~~~~~~~~
arm-atollic-eabi-gcc -o GPIO_Driver.elf User Application\main.o User Application\startup_stm32f411xe.o User Application\system_stm32f4xx.o User Application\tiny_printf.o User Library\GPIO_Driver.o User Library\I2C_Library.o User Library\Timer_Delay.o User Library\lcd_4bit.o User Library\lcd_8bit.o -mthumb -mcpu=cortex-m4 -mfloat-abi=hard -mfpu=fpv4-sp-d16 -T../stm32_flash.ld -specs=nosys.specs -static -Wl,-cref,-u,Reset_Handler -Wl,-Map=GPIO_Driver.map -Wl,--gc-sections -Wl,--defsym=malloc_getpagesize_P=0x80 -Wl,--start-group -lc -lm -Wl,--end-group 
C:\Program Files (x86)\Atollic\TrueSTUDIO for STM32 9.1.0\ide\jre\bin\java -jar C:\Program Files (x86)\Atollic\TrueSTUDIO for STM32 9.1.0\Tools\arm-atollic-reports.jar sizeinfo list GPIO_Driver.elf 
Generate build reports...
Print size information
   text	   data	    bss	    dec	    hex	filename
   6248	    136	   1056	   7440	   1d10	GPIO_Driver.elf
Print size information done
Generate listing file
Output sent to: GPIO_Driver.list
Generate listing file done
Generate build reports done
21:55:03 **** Incremental Build of configuration Debug for project GPIO_Driver ****
Info: Internal Builder is used for build
arm-atollic-eabi-gcc -c ..\User Application\main.c -mthumb -mcpu=cortex-m4 -mfloat-abi=hard -mfpu=fpv4-sp-d16 -std=gnu11 -DSTM32F411xE -I../src -I../Drivers/CMSIS/Include -I../Drivers/CMSIS/Device/ST/STM32F4xx/Include -I../Drivers/STM32F4xx_HAL_Driver/Inc -IC:\Users\Falcon\Atollic\TrueSTUDIO\STM32_workspace_9.1\GPIO_Driver -IC:\Users\Falcon\Atollic\TrueSTUDIO\STM32_workspace_9.1\GPIO_Driver\User Library -O0 -ffunction-sections -fdata-sections -g -fstack-usage -Wall -o User Application\main.o 
In file included from ..\User Application\main.c:4:0:
C:\Users\Falcon\Atollic\TrueSTUDIO\STM32_workspace_9.1\GPIO_Driver\User Library/GPIO_Driver.h:124:13: warning: 'config_pin' declared 'static' but never defined [-Wunused-function]
 static void config_pin(GPIO_TypeDef *port, uint32_t pinNumber, uint32_t pinSpeed, uint32_t mode, uint16_t mode_type, uint32_t alt_func);
             ^~~~~~~~~~
arm-atollic-eabi-gcc -o GPIO_Driver.elf User Application\main.o User Application\startup_stm32f411xe.o User Application\system_stm32f4xx.o User Application\tiny_printf.o User Library\GPIO_Driver.o User Library\I2C_Library.o User Library\Timer_Delay.o User Library\lcd_4bit.o User Library\lcd_8bit.o -mthumb -mcpu=cortex-m4 -mfloat-abi=hard -mfpu=fpv4-sp-d16 -T../stm32_flash.ld -specs=nosys.specs -static -Wl,-cref,-u,Reset_Handler -Wl,-Map=GPIO_Driver.map -Wl,--gc-sections -Wl,--defsym=malloc_getpagesize_P=0x80 -Wl,--start-group -lc -lm -Wl,--end-group 
C:\Program Files (x86)\Atollic\TrueSTUDIO for STM32 9.1.0\ide\jre\bin\java -jar C:\Program Files (x86)\Atollic\TrueSTUDIO for STM32 9.1.0\Tools\arm-atollic-reports.jar sizeinfo list GPIO_Driver.elf 
Generate build reports...
Print size information
   text	   data	    bss	    dec	    hex	filename
   6240	    136	   1056	   7432	   1d08	GPIO_Driver.elf
Print size information done
Generate listing file
Output sent to: GPIO_Driver.list
Generate listing file done
Generate build reports done
21:55:39 **** Incremental Build of configuration Debug for project GPIO_Driver ****
Info: Internal Builder is used for build
arm-atollic-eabi-gcc -c ..\User Application\main.c -mthumb -mcpu=cortex-m4 -mfloat-abi=hard -mfpu=fpv4-sp-d16 -std=gnu11 -DSTM32F411xE -I../src -I../Drivers/CMSIS/Include -I../Drivers/CMSIS/Device/ST/STM32F4xx/Include -I../Drivers/STM32F4xx_HAL_Driver/Inc -IC:\Users\Falcon\Atollic\TrueSTUDIO\STM32_workspace_9.1\GPIO_Driver -IC:\Users\Falcon\Atollic\TrueSTUDIO\STM32_workspace_9.1\GPIO_Driver\User Library -O0 -ffunction-sections -fdata-sections -g -fstack-usage -Wall -o User Application\main.o 
In file included from ..\User Application\main.c:4:0:
C:\Users\Falcon\Atollic\TrueSTUDIO\STM32_workspace_9.1\GPIO_Driver\User Library/GPIO_Driver.h:124:13: warning: 'config_pin' declared 'static' but never defined [-Wunused-function]
 static void config_pin(GPIO_TypeDef *port, uint32_t pinNumber, uint32_t pinSpeed, uint32_t mode, uint16_t mode_type, uint32_t alt_func);
             ^~~~~~~~~~
arm-atollic-eabi-gcc -o GPIO_Driver.elf User Application\main.o User Application\startup_stm32f411xe.o User Application\system_stm32f4xx.o User Application\tiny_printf.o User Library\GPIO_Driver.o User Library\I2C_Library.o User Library\Timer_Delay.o User Library\lcd_4bit.o User Library\lcd_8bit.o -mthumb -mcpu=cortex-m4 -mfloat-abi=hard -mfpu=fpv4-sp-d16 -T../stm32_flash.ld -specs=nosys.specs -static -Wl,-cref,-u,Reset_Handler -Wl,-Map=GPIO_Driver.map -Wl,--gc-sections -Wl,--defsym=malloc_getpagesize_P=0x80 -Wl,--start-group -lc -lm -Wl,--end-group 
C:\Program Files (x86)\Atollic\TrueSTUDIO for STM32 9.1.0\ide\jre\bin\java -jar C:\Program Files (x86)\Atollic\TrueSTUDIO for STM32 9.1.0\Tools\arm-atollic-reports.jar sizeinfo list GPIO_Driver.elf 
Generate build reports...
Print size information
   text	   data	    bss	    dec	    hex	filename
   6164	    136	   1056	   7356	   1cbc	GPIO_Driver.elf
Print size information done
Generate listing file
Output sent to: GPIO_Driver.list
Generate listing file done
Generate build reports done
21:57:14 **** Incremental Build of configuration Debug for project GPIO_Driver ****
Info: Internal Builder is used for build
arm-atollic-eabi-gcc -c ..\User Application\main.c -mthumb -mcpu=cortex-m4 -mfloat-abi=hard -mfpu=fpv4-sp-d16 -std=gnu11 -DSTM32F411xE -I../src -I../Drivers/CMSIS/Include -I../Drivers/CMSIS/Device/ST/STM32F4xx/Include -I../Drivers/STM32F4xx_HAL_Driver/Inc -IC:\Users\Falcon\Atollic\TrueSTUDIO\STM32_workspace_9.1\GPIO_Driver -IC:\Users\Falcon\Atollic\TrueSTUDIO\STM32_workspace_9.1\GPIO_Driver\User Library -O0 -ffunction-sections -fdata-sections -g -fstack-usage -Wall -o User Application\main.o 
In file included from ..\User Application\main.c:4:0:
C:\Users\Falcon\Atollic\TrueSTUDIO\STM32_workspace_9.1\GPIO_Driver\User Library/GPIO_Driver.h:124:13: warning: 'config_pin' declared 'static' but never defined [-Wunused-function]
 static void config_pin(GPIO_TypeDef *port, uint32_t pinNumber, uint32_t pinSpeed, uint32_t mode, uint16_t mode_type, uint32_t alt_func);
             ^~~~~~~~~~
arm-atollic-eabi-gcc -o GPIO_Driver.elf User Application\main.o User Application\startup_stm32f411xe.o User Application\system_stm32f4xx.o User Application\tiny_printf.o User Library\GPIO_Driver.o User Library\I2C_Library.o User Library\Timer_Delay.o User Library\lcd_4bit.o User Library\lcd_8bit.o -mthumb -mcpu=cortex-m4 -mfloat-abi=hard -mfpu=fpv4-sp-d16 -T../stm32_flash.ld -specs=nosys.specs -static -Wl,-cref,-u,Reset_Handler -Wl,-Map=GPIO_Driver.map -Wl,--gc-sections -Wl,--defsym=malloc_getpagesize_P=0x80 -Wl,--start-group -lc -lm -Wl,--end-group 
C:\Program Files (x86)\Atollic\TrueSTUDIO for STM32 9.1.0\ide\jre\bin\java -jar C:\Program Files (x86)\Atollic\TrueSTUDIO for STM32 9.1.0\Tools\arm-atollic-reports.jar sizeinfo list GPIO_Driver.elf 
Generate build reports...
Print size information
   text	   data	    bss	    dec	    hex	filename
   6172	    136	   1056	   7364	   1cc4	GPIO_Driver.elf
Print size information done
Generate listing file
Output sent to: GPIO_Driver.list
Generate listing file done
Generate build reports done
21:57:32 **** Incremental Build of configuration Debug for project GPIO_Driver ****
Info: Internal Builder is used for build
arm-atollic-eabi-gcc -c ..\User Application\main.c -mthumb -mcpu=cortex-m4 -mfloat-abi=hard -mfpu=fpv4-sp-d16 -std=gnu11 -DSTM32F411xE -I../src -I../Drivers/CMSIS/Include -I../Drivers/CMSIS/Device/ST/STM32F4xx/Include -I../Drivers/STM32F4xx_HAL_Driver/Inc -IC:\Users\Falcon\Atollic\TrueSTUDIO\STM32_workspace_9.1\GPIO_Driver -IC:\Users\Falcon\Atollic\TrueSTUDIO\STM32_workspace_9.1\GPIO_Driver\User Library -O0 -ffunction-sections -fdata-sections -g -fstack-usage -Wall -o User Application\main.o 
In file included from ..\User Application\main.c:4:0:
C:\Users\Falcon\Atollic\TrueSTUDIO\STM32_workspace_9.1\GPIO_Driver\User Library/GPIO_Driver.h:124:13: warning: 'config_pin' declared 'static' but never defined [-Wunused-function]
 static void config_pin(GPIO_TypeDef *port, uint32_t pinNumber, uint32_t pinSpeed, uint32_t mode, uint16_t mode_type, uint32_t alt_func);
             ^~~~~~~~~~
arm-atollic-eabi-gcc -o GPIO_Driver.elf User Application\main.o User Application\startup_stm32f411xe.o User Application\system_stm32f4xx.o User Application\tiny_printf.o User Library\GPIO_Driver.o User Library\I2C_Library.o User Library\Timer_Delay.o User Library\lcd_4bit.o User Library\lcd_8bit.o -mthumb -mcpu=cortex-m4 -mfloat-abi=hard -mfpu=fpv4-sp-d16 -T../stm32_flash.ld -specs=nosys.specs -static -Wl,-cref,-u,Reset_Handler -Wl,-Map=GPIO_Driver.map -Wl,--gc-sections -Wl,--defsym=malloc_getpagesize_P=0x80 -Wl,--start-group -lc -lm -Wl,--end-group 
C:\Program Files (x86)\Atollic\TrueSTUDIO for STM32 9.1.0\ide\jre\bin\java -jar C:\Program Files (x86)\Atollic\TrueSTUDIO for STM32 9.1.0\Tools\arm-atollic-reports.jar sizeinfo list GPIO_Driver.elf 
Generate build reports...
Print size information
   text	   data	    bss	    dec	    hex	filename
   6252	    136	   1056	   7444	   1d14	GPIO_Driver.elf
Print size information done
Generate listing file
Output sent to: GPIO_Driver.list
Generate listing file done
Generate build reports done
21:57:49 **** Incremental Build of configuration Debug for project GPIO_Driver ****
Info: Internal Builder is used for build
arm-atollic-eabi-gcc -c ..\User Application\main.c -mthumb -mcpu=cortex-m4 -mfloat-abi=hard -mfpu=fpv4-sp-d16 -std=gnu11 -DSTM32F411xE -I../src -I../Drivers/CMSIS/Include -I../Drivers/CMSIS/Device/ST/STM32F4xx/Include -I../Drivers/STM32F4xx_HAL_Driver/Inc -IC:\Users\Falcon\Atollic\TrueSTUDIO\STM32_workspace_9.1\GPIO_Driver -IC:\Users\Falcon\Atollic\TrueSTUDIO\STM32_workspace_9.1\GPIO_Driver\User Library -O0 -ffunction-sections -fdata-sections -g -fstack-usage -Wall -o User Application\main.o 
In file included from ..\User Application\main.c:4:0:
C:\Users\Falcon\Atollic\TrueSTUDIO\STM32_workspace_9.1\GPIO_Driver\User Library/GPIO_Driver.h:124:13: warning: 'config_pin' declared 'static' but never defined [-Wunused-function]
 static void config_pin(GPIO_TypeDef *port, uint32_t pinNumber, uint32_t pinSpeed, uint32_t mode, uint16_t mode_type, uint32_t alt_func);
             ^~~~~~~~~~
arm-atollic-eabi-gcc -o GPIO_Driver.elf User Application\main.o User Application\startup_stm32f411xe.o User Application\system_stm32f4xx.o User Application\tiny_printf.o User Library\GPIO_Driver.o User Library\I2C_Library.o User Library\Timer_Delay.o User Library\lcd_4bit.o User Library\lcd_8bit.o -mthumb -mcpu=cortex-m4 -mfloat-abi=hard -mfpu=fpv4-sp-d16 -T../stm32_flash.ld -specs=nosys.specs -static -Wl,-cref,-u,Reset_Handler -Wl,-Map=GPIO_Driver.map -Wl,--gc-sections -Wl,--defsym=malloc_getpagesize_P=0x80 -Wl,--start-group -lc -lm -Wl,--end-group 
C:\Program Files (x86)\Atollic\TrueSTUDIO for STM32 9.1.0\ide\jre\bin\java -jar C:\Program Files (x86)\Atollic\TrueSTUDIO for STM32 9.1.0\Tools\arm-atollic-reports.jar sizeinfo list GPIO_Driver.elf 
Generate build reports...
Print size information
   text	   data	    bss	    dec	    hex	filename
   6172	    136	   1056	   7364	   1cc4	GPIO_Driver.elf
Print size information done
Generate listing file
Output sent to: GPIO_Driver.list
Generate listing file done
Generate build reports done
21:59:36 **** Incremental Build of configuration Debug for project GPIO_Driver ****
Info: Internal Builder is used for build
arm-atollic-eabi-gcc -c ..\User Application\main.c -mthumb -mcpu=cortex-m4 -mfloat-abi=hard -mfpu=fpv4-sp-d16 -std=gnu11 -DSTM32F411xE -I../src -I../Drivers/CMSIS/Include -I../Drivers/CMSIS/Device/ST/STM32F4xx/Include -I../Drivers/STM32F4xx_HAL_Driver/Inc -IC:\Users\Falcon\Atollic\TrueSTUDIO\STM32_workspace_9.1\GPIO_Driver -IC:\Users\Falcon\Atollic\TrueSTUDIO\STM32_workspace_9.1\GPIO_Driver\User Library -O0 -ffunction-sections -fdata-sections -g -fstack-usage -Wall -o User Application\main.o 
In file included from ..\User Application\main.c:4:0:
C:\Users\Falcon\Atollic\TrueSTUDIO\STM32_workspace_9.1\GPIO_Driver\User Library/GPIO_Driver.h:124:13: warning: 'config_pin' declared 'static' but never defined [-Wunused-function]
 static void config_pin(GPIO_TypeDef *port, uint32_t pinNumber, uint32_t pinSpeed, uint32_t mode, uint16_t mode_type, uint32_t alt_func);
             ^~~~~~~~~~
arm-atollic-eabi-gcc -o GPIO_Driver.elf User Application\main.o User Application\startup_stm32f411xe.o User Application\system_stm32f4xx.o User Application\tiny_printf.o User Library\GPIO_Driver.o User Library\I2C_Library.o User Library\Timer_Delay.o User Library\lcd_4bit.o User Library\lcd_8bit.o -mthumb -mcpu=cortex-m4 -mfloat-abi=hard -mfpu=fpv4-sp-d16 -T../stm32_flash.ld -specs=nosys.specs -static -Wl,-cref,-u,Reset_Handler -Wl,-Map=GPIO_Driver.map -Wl,--gc-sections -Wl,--defsym=malloc_getpagesize_P=0x80 -Wl,--start-group -lc -lm -Wl,--end-group 
C:\Program Files (x86)\Atollic\TrueSTUDIO for STM32 9.1.0\ide\jre\bin\java -jar C:\Program Files (x86)\Atollic\TrueSTUDIO for STM32 9.1.0\Tools\arm-atollic-reports.jar sizeinfo list GPIO_Driver.elf 
Generate build reports...
Print size information
   text	   data	    bss	    dec	    hex	filename
   6168	    136	   1056	   7360	   1cc0	GPIO_Driver.elf
Print size information done
Generate listing file
Output sent to: GPIO_Driver.list
Generate listing file done
Generate build reports done
23:25:37 **** Incremental Build of configuration Debug for project GPIO_Driver ****
Info: Internal Builder is used for build
arm-atollic-eabi-gcc -c ..\User Application\main.c -mthumb -mcpu=cortex-m4 -mfloat-abi=hard -mfpu=fpv4-sp-d16 -std=gnu11 -DSTM32F411xE -I../src -I../Drivers/CMSIS/Include -I../Drivers/CMSIS/Device/ST/STM32F4xx/Include -I../Drivers/STM32F4xx_HAL_Driver/Inc -IC:\Users\Falcon\Atollic\TrueSTUDIO\STM32_workspace_9.1\GPIO_Driver -IC:\Users\Falcon\Atollic\TrueSTUDIO\STM32_workspace_9.1\GPIO_Driver\User Library -O0 -ffunction-sections -fdata-sections -g -fstack-usage -Wall -o User Application\main.o 
In file included from ..\User Application\main.c:4:0:
C:\Users\Falcon\Atollic\TrueSTUDIO\STM32_workspace_9.1\GPIO_Driver\User Library/GPIO_Driver.h:124:13: warning: 'config_pin' declared 'static' but never defined [-Wunused-function]
 static void config_pin(GPIO_TypeDef *port, uint32_t pinNumber, uint32_t pinSpeed, uint32_t mode, uint16_t mode_type, uint32_t alt_func);
             ^~~~~~~~~~
arm-atollic-eabi-gcc -c ..\User Library\I2C_Library.c -mthumb -mcpu=cortex-m4 -mfloat-abi=hard -mfpu=fpv4-sp-d16 -std=gnu11 -DSTM32F411xE -I../src -I../Drivers/CMSIS/Include -I../Drivers/CMSIS/Device/ST/STM32F4xx/Include -I../Drivers/STM32F4xx_HAL_Driver/Inc -IC:\Users\Falcon\Atollic\TrueSTUDIO\STM32_workspace_9.1\GPIO_Driver -IC:\Users\Falcon\Atollic\TrueSTUDIO\STM32_workspace_9.1\GPIO_Driver\User Library -O0 -ffunction-sections -fdata-sections -g -fstack-usage -Wall -o User Library\I2C_Library.o 
In file included from ..\User Library\I2C_Library.h:11:0,
                 from ..\User Library\I2C_Library.c:8:
..\User Library\GPIO_Driver.h:124:13: warning: 'config_pin' declared 'static' but never defined [-Wunused-function]
 static void config_pin(GPIO_TypeDef *port, uint32_t pinNumber, uint32_t pinSpeed, uint32_t mode, uint16_t mode_type, uint32_t alt_func);
             ^~~~~~~~~~
arm-atollic-eabi-gcc -o GPIO_Driver.elf User Application\main.o User Application\startup_stm32f411xe.o User Application\system_stm32f4xx.o User Application\tiny_printf.o User Library\GPIO_Driver.o User Library\I2C_Library.o User Library\Timer_Delay.o User Library\lcd_4bit.o User Library\lcd_8bit.o -mthumb -mcpu=cortex-m4 -mfloat-abi=hard -mfpu=fpv4-sp-d16 -T../stm32_flash.ld -specs=nosys.specs -static -Wl,-cref,-u,Reset_Handler -Wl,-Map=GPIO_Driver.map -Wl,--gc-sections -Wl,--defsym=malloc_getpagesize_P=0x80 -Wl,--start-group -lc -lm -Wl,--end-group 
C:\Program Files (x86)\Atollic\TrueSTUDIO for STM32 9.1.0\ide\jre\bin\java -jar C:\Program Files (x86)\Atollic\TrueSTUDIO for STM32 9.1.0\Tools\arm-atollic-reports.jar sizeinfo list GPIO_Driver.elf 
Generate build reports...
Print size information
   text	   data	    bss	    dec	    hex	filename
   6172	    136	   1056	   7364	   1cc4	GPIO_Driver.elf
Print size information done
Generate listing file
Output sent to: GPIO_Driver.list
Generate listing file done
Generate build reports done
23:28:34 **** Incremental Build of configuration Debug for project GPIO_Driver ****
Info: Internal Builder is used for build
arm-atollic-eabi-gcc -c ..\User Application\main.c -mthumb -mcpu=cortex-m4 -mfloat-abi=hard -mfpu=fpv4-sp-d16 -std=gnu11 -DSTM32F411xE -I../src -I../Drivers/CMSIS/Include -I../Drivers/CMSIS/Device/ST/STM32F4xx/Include -I../Drivers/STM32F4xx_HAL_Driver/Inc -IC:\Users\Falcon\Atollic\TrueSTUDIO\STM32_workspace_9.1\GPIO_Driver -IC:\Users\Falcon\Atollic\TrueSTUDIO\STM32_workspace_9.1\GPIO_Driver\User Library -O0 -ffunction-sections -fdata-sections -g -fstack-usage -Wall -o User Application\main.o 
In file included from ..\User Application\main.c:4:0:
C:\Users\Falcon\Atollic\TrueSTUDIO\STM32_workspace_9.1\GPIO_Driver\User Library/GPIO_Driver.h:124:13: warning: 'config_pin' declared 'static' but never defined [-Wunused-function]
 static void config_pin(GPIO_TypeDef *port, uint32_t pinNumber, uint32_t pinSpeed, uint32_t mode, uint16_t mode_type, uint32_t alt_func);
             ^~~~~~~~~~
arm-atollic-eabi-gcc -o GPIO_Driver.elf User Application\main.o User Application\startup_stm32f411xe.o User Application\system_stm32f4xx.o User Application\tiny_printf.o User Library\GPIO_Driver.o User Library\I2C_Library.o User Library\Timer_Delay.o User Library\lcd_4bit.o User Library\lcd_8bit.o -mthumb -mcpu=cortex-m4 -mfloat-abi=hard -mfpu=fpv4-sp-d16 -T../stm32_flash.ld -specs=nosys.specs -static -Wl,-cref,-u,Reset_Handler -Wl,-Map=GPIO_Driver.map -Wl,--gc-sections -Wl,--defsym=malloc_getpagesize_P=0x80 -Wl,--start-group -lc -lm -Wl,--end-group 
C:\Program Files (x86)\Atollic\TrueSTUDIO for STM32 9.1.0\ide\jre\bin\java -jar C:\Program Files (x86)\Atollic\TrueSTUDIO for STM32 9.1.0\Tools\arm-atollic-reports.jar sizeinfo list GPIO_Driver.elf 
Generate build reports...
Print size information
   text	   data	    bss	    dec	    hex	filename
   6200	    136	   1056	   7392	   1ce0	GPIO_Driver.elf
Print size information done
Generate listing file
Output sent to: GPIO_Driver.list
Generate listing file done
Generate build reports done
23:29:24 **** Incremental Build of configuration Debug for project GPIO_Driver ****
Info: Internal Builder is used for build
arm-atollic-eabi-gcc -c ..\User Application\main.c -mthumb -mcpu=cortex-m4 -mfloat-abi=hard -mfpu=fpv4-sp-d16 -std=gnu11 -DSTM32F411xE -I../src -I../Drivers/CMSIS/Include -I../Drivers/CMSIS/Device/ST/STM32F4xx/Include -I../Drivers/STM32F4xx_HAL_Driver/Inc -IC:\Users\Falcon\Atollic\TrueSTUDIO\STM32_workspace_9.1\GPIO_Driver -IC:\Users\Falcon\Atollic\TrueSTUDIO\STM32_workspace_9.1\GPIO_Driver\User Library -O0 -ffunction-sections -fdata-sections -g -fstack-usage -Wall -o User Application\main.o 
In file included from ..\User Application\main.c:4:0:
C:\Users\Falcon\Atollic\TrueSTUDIO\STM32_workspace_9.1\GPIO_Driver\User Library/GPIO_Driver.h:124:13: warning: 'config_pin' declared 'static' but never defined [-Wunused-function]
 static void config_pin(GPIO_TypeDef *port, uint32_t pinNumber, uint32_t pinSpeed, uint32_t mode, uint16_t mode_type, uint32_t alt_func);
             ^~~~~~~~~~
arm-atollic-eabi-gcc -o GPIO_Driver.elf User Application\main.o User Application\startup_stm32f411xe.o User Application\system_stm32f4xx.o User Application\tiny_printf.o User Library\GPIO_Driver.o User Library\I2C_Library.o User Library\Timer_Delay.o User Library\lcd_4bit.o User Library\lcd_8bit.o -mthumb -mcpu=cortex-m4 -mfloat-abi=hard -mfpu=fpv4-sp-d16 -T../stm32_flash.ld -specs=nosys.specs -static -Wl,-cref,-u,Reset_Handler -Wl,-Map=GPIO_Driver.map -Wl,--gc-sections -Wl,--defsym=malloc_getpagesize_P=0x80 -Wl,--start-group -lc -lm -Wl,--end-group 
C:\Program Files (x86)\Atollic\TrueSTUDIO for STM32 9.1.0\ide\jre\bin\java -jar C:\Program Files (x86)\Atollic\TrueSTUDIO for STM32 9.1.0\Tools\arm-atollic-reports.jar sizeinfo list GPIO_Driver.elf 
Generate build reports...
Print size information
   text	   data	    bss	    dec	    hex	filename
   6180	    136	   1056	   7372	   1ccc	GPIO_Driver.elf
Print size information done
Generate listing file
Output sent to: GPIO_Driver.list
Generate listing file done
Generate build reports done
23:31:40 **** Incremental Build of configuration Debug for project GPIO_Driver ****
Info: Internal Builder is used for build
arm-atollic-eabi-gcc -c ..\User Application\main.c -mthumb -mcpu=cortex-m4 -mfloat-abi=hard -mfpu=fpv4-sp-d16 -std=gnu11 -DSTM32F411xE -I../src -I../Drivers/CMSIS/Include -I../Drivers/CMSIS/Device/ST/STM32F4xx/Include -I../Drivers/STM32F4xx_HAL_Driver/Inc -IC:\Users\Falcon\Atollic\TrueSTUDIO\STM32_workspace_9.1\GPIO_Driver -IC:\Users\Falcon\Atollic\TrueSTUDIO\STM32_workspace_9.1\GPIO_Driver\User Library -O0 -ffunction-sections -fdata-sections -g -fstack-usage -Wall -o User Application\main.o 
In file included from ..\User Application\main.c:4:0:
C:\Users\Falcon\Atollic\TrueSTUDIO\STM32_workspace_9.1\GPIO_Driver\User Library/GPIO_Driver.h:124:13: warning: 'config_pin' declared 'static' but never defined [-Wunused-function]
 static void config_pin(GPIO_TypeDef *port, uint32_t pinNumber, uint32_t pinSpeed, uint32_t mode, uint16_t mode_type, uint32_t alt_func);
             ^~~~~~~~~~
arm-atollic-eabi-gcc -o GPIO_Driver.elf User Application\main.o User Application\startup_stm32f411xe.o User Application\system_stm32f4xx.o User Application\tiny_printf.o User Library\GPIO_Driver.o User Library\I2C_Library.o User Library\Timer_Delay.o User Library\lcd_4bit.o User Library\lcd_8bit.o -mthumb -mcpu=cortex-m4 -mfloat-abi=hard -mfpu=fpv4-sp-d16 -T../stm32_flash.ld -specs=nosys.specs -static -Wl,-cref,-u,Reset_Handler -Wl,-Map=GPIO_Driver.map -Wl,--gc-sections -Wl,--defsym=malloc_getpagesize_P=0x80 -Wl,--start-group -lc -lm -Wl,--end-group 
C:\Program Files (x86)\Atollic\TrueSTUDIO for STM32 9.1.0\ide\jre\bin\java -jar C:\Program Files (x86)\Atollic\TrueSTUDIO for STM32 9.1.0\Tools\arm-atollic-reports.jar sizeinfo list GPIO_Driver.elf 
Generate build reports...
Print size information
   text	   data	    bss	    dec	    hex	filename
   6312	    136	   1056	   7504	   1d50	GPIO_Driver.elf
Print size information done
Generate listing file
Output sent to: GPIO_Driver.list
Generate listing file done
Generate build reports done
23:32:07 **** Incremental Build of configuration Debug for project GPIO_Driver ****
Info: Internal Builder is used for build
arm-atollic-eabi-gcc -c ..\User Application\main.c -mthumb -mcpu=cortex-m4 -mfloat-abi=hard -mfpu=fpv4-sp-d16 -std=gnu11 -DSTM32F411xE -I../src -I../Drivers/CMSIS/Include -I../Drivers/CMSIS/Device/ST/STM32F4xx/Include -I../Drivers/STM32F4xx_HAL_Driver/Inc -IC:\Users\Falcon\Atollic\TrueSTUDIO\STM32_workspace_9.1\GPIO_Driver -IC:\Users\Falcon\Atollic\TrueSTUDIO\STM32_workspace_9.1\GPIO_Driver\User Library -O0 -ffunction-sections -fdata-sections -g -fstack-usage -Wall -o User Application\main.o 
In file included from ..\User Application\main.c:4:0:
C:\Users\Falcon\Atollic\TrueSTUDIO\STM32_workspace_9.1\GPIO_Driver\User Library/GPIO_Driver.h:124:13: warning: 'config_pin' declared 'static' but never defined [-Wunused-function]
 static void config_pin(GPIO_TypeDef *port, uint32_t pinNumber, uint32_t pinSpeed, uint32_t mode, uint16_t mode_type, uint32_t alt_func);
             ^~~~~~~~~~
arm-atollic-eabi-gcc -o GPIO_Driver.elf User Application\main.o User Application\startup_stm32f411xe.o User Application\system_stm32f4xx.o User Application\tiny_printf.o User Library\GPIO_Driver.o User Library\I2C_Library.o User Library\Timer_Delay.o User Library\lcd_4bit.o User Library\lcd_8bit.o -mthumb -mcpu=cortex-m4 -mfloat-abi=hard -mfpu=fpv4-sp-d16 -T../stm32_flash.ld -specs=nosys.specs -static -Wl,-cref,-u,Reset_Handler -Wl,-Map=GPIO_Driver.map -Wl,--gc-sections -Wl,--defsym=malloc_getpagesize_P=0x80 -Wl,--start-group -lc -lm -Wl,--end-group 
C:\Program Files (x86)\Atollic\TrueSTUDIO for STM32 9.1.0\ide\jre\bin\java -jar C:\Program Files (x86)\Atollic\TrueSTUDIO for STM32 9.1.0\Tools\arm-atollic-reports.jar sizeinfo list GPIO_Driver.elf 
Generate build reports...
Print size information
   text	   data	    bss	    dec	    hex	filename
   6312	    136	   1056	   7504	   1d50	GPIO_Driver.elf
Print size information done
Generate listing file
Output sent to: GPIO_Driver.list
Generate listing file done
Generate build reports done
23:32:23 **** Incremental Build of configuration Debug for project GPIO_Driver ****
Info: Internal Builder is used for build
arm-atollic-eabi-gcc -c ..\User Application\main.c -mthumb -mcpu=cortex-m4 -mfloat-abi=hard -mfpu=fpv4-sp-d16 -std=gnu11 -DSTM32F411xE -I../src -I../Drivers/CMSIS/Include -I../Drivers/CMSIS/Device/ST/STM32F4xx/Include -I../Drivers/STM32F4xx_HAL_Driver/Inc -IC:\Users\Falcon\Atollic\TrueSTUDIO\STM32_workspace_9.1\GPIO_Driver -IC:\Users\Falcon\Atollic\TrueSTUDIO\STM32_workspace_9.1\GPIO_Driver\User Library -O0 -ffunction-sections -fdata-sections -g -fstack-usage -Wall -o User Application\main.o 
In file included from ..\User Application\main.c:4:0:
C:\Users\Falcon\Atollic\TrueSTUDIO\STM32_workspace_9.1\GPIO_Driver\User Library/GPIO_Driver.h:124:13: warning: 'config_pin' declared 'static' but never defined [-Wunused-function]
 static void config_pin(GPIO_TypeDef *port, uint32_t pinNumber, uint32_t pinSpeed, uint32_t mode, uint16_t mode_type, uint32_t alt_func);
             ^~~~~~~~~~
arm-atollic-eabi-gcc -o GPIO_Driver.elf User Application\main.o User Application\startup_stm32f411xe.o User Application\system_stm32f4xx.o User Application\tiny_printf.o User Library\GPIO_Driver.o User Library\I2C_Library.o User Library\Timer_Delay.o User Library\lcd_4bit.o User Library\lcd_8bit.o -mthumb -mcpu=cortex-m4 -mfloat-abi=hard -mfpu=fpv4-sp-d16 -T../stm32_flash.ld -specs=nosys.specs -static -Wl,-cref,-u,Reset_Handler -Wl,-Map=GPIO_Driver.map -Wl,--gc-sections -Wl,--defsym=malloc_getpagesize_P=0x80 -Wl,--start-group -lc -lm -Wl,--end-group 
C:\Program Files (x86)\Atollic\TrueSTUDIO for STM32 9.1.0\ide\jre\bin\java -jar C:\Program Files (x86)\Atollic\TrueSTUDIO for STM32 9.1.0\Tools\arm-atollic-reports.jar sizeinfo list GPIO_Driver.elf 
Generate build reports...
Print size information
   text	   data	    bss	    dec	    hex	filename
   6312	    136	   1056	   7504	   1d50	GPIO_Driver.elf
Print size information done
Generate listing file
Output sent to: GPIO_Driver.list
Generate listing file done
Generate build reports done
23:32:38 **** Incremental Build of configuration Debug for project GPIO_Driver ****
Info: Internal Builder is used for build
arm-atollic-eabi-gcc -c ..\User Application\main.c -mthumb -mcpu=cortex-m4 -mfloat-abi=hard -mfpu=fpv4-sp-d16 -std=gnu11 -DSTM32F411xE -I../src -I../Drivers/CMSIS/Include -I../Drivers/CMSIS/Device/ST/STM32F4xx/Include -I../Drivers/STM32F4xx_HAL_Driver/Inc -IC:\Users\Falcon\Atollic\TrueSTUDIO\STM32_workspace_9.1\GPIO_Driver -IC:\Users\Falcon\Atollic\TrueSTUDIO\STM32_workspace_9.1\GPIO_Driver\User Library -O0 -ffunction-sections -fdata-sections -g -fstack-usage -Wall -o User Application\main.o 
In file included from ..\User Application\main.c:4:0:
C:\Users\Falcon\Atollic\TrueSTUDIO\STM32_workspace_9.1\GPIO_Driver\User Library/GPIO_Driver.h:124:13: warning: 'config_pin' declared 'static' but never defined [-Wunused-function]
 static void config_pin(GPIO_TypeDef *port, uint32_t pinNumber, uint32_t pinSpeed, uint32_t mode, uint16_t mode_type, uint32_t alt_func);
             ^~~~~~~~~~
arm-atollic-eabi-gcc -o GPIO_Driver.elf User Application\main.o User Application\startup_stm32f411xe.o User Application\system_stm32f4xx.o User Application\tiny_printf.o User Library\GPIO_Driver.o User Library\I2C_Library.o User Library\Timer_Delay.o User Library\lcd_4bit.o User Library\lcd_8bit.o -mthumb -mcpu=cortex-m4 -mfloat-abi=hard -mfpu=fpv4-sp-d16 -T../stm32_flash.ld -specs=nosys.specs -static -Wl,-cref,-u,Reset_Handler -Wl,-Map=GPIO_Driver.map -Wl,--gc-sections -Wl,--defsym=malloc_getpagesize_P=0x80 -Wl,--start-group -lc -lm -Wl,--end-group 
C:\Program Files (x86)\Atollic\TrueSTUDIO for STM32 9.1.0\ide\jre\bin\java -jar C:\Program Files (x86)\Atollic\TrueSTUDIO for STM32 9.1.0\Tools\arm-atollic-reports.jar sizeinfo list GPIO_Driver.elf 
Generate build reports...
Print size information
   text	   data	    bss	    dec	    hex	filename
   6312	    136	   1056	   7504	   1d50	GPIO_Driver.elf
Print size information done
Generate listing file
Output sent to: GPIO_Driver.list
Generate listing file done
Generate build reports done
23:32:59 **** Incremental Build of configuration Debug for project GPIO_Driver ****
Info: Internal Builder is used for build
arm-atollic-eabi-gcc -c ..\User Application\main.c -mthumb -mcpu=cortex-m4 -mfloat-abi=hard -mfpu=fpv4-sp-d16 -std=gnu11 -DSTM32F411xE -I../src -I../Drivers/CMSIS/Include -I../Drivers/CMSIS/Device/ST/STM32F4xx/Include -I../Drivers/STM32F4xx_HAL_Driver/Inc -IC:\Users\Falcon\Atollic\TrueSTUDIO\STM32_workspace_9.1\GPIO_Driver -IC:\Users\Falcon\Atollic\TrueSTUDIO\STM32_workspace_9.1\GPIO_Driver\User Library -O0 -ffunction-sections -fdata-sections -g -fstack-usage -Wall -o User Application\main.o 
In file included from ..\User Application\main.c:4:0:
C:\Users\Falcon\Atollic\TrueSTUDIO\STM32_workspace_9.1\GPIO_Driver\User Library/GPIO_Driver.h:124:13: warning: 'config_pin' declared 'static' but never defined [-Wunused-function]
 static void config_pin(GPIO_TypeDef *port, uint32_t pinNumber, uint32_t pinSpeed, uint32_t mode, uint16_t mode_type, uint32_t alt_func);
             ^~~~~~~~~~
arm-atollic-eabi-gcc -o GPIO_Driver.elf User Application\main.o User Application\startup_stm32f411xe.o User Application\system_stm32f4xx.o User Application\tiny_printf.o User Library\GPIO_Driver.o User Library\I2C_Library.o User Library\Timer_Delay.o User Library\lcd_4bit.o User Library\lcd_8bit.o -mthumb -mcpu=cortex-m4 -mfloat-abi=hard -mfpu=fpv4-sp-d16 -T../stm32_flash.ld -specs=nosys.specs -static -Wl,-cref,-u,Reset_Handler -Wl,-Map=GPIO_Driver.map -Wl,--gc-sections -Wl,--defsym=malloc_getpagesize_P=0x80 -Wl,--start-group -lc -lm -Wl,--end-group 
C:\Program Files (x86)\Atollic\TrueSTUDIO for STM32 9.1.0\ide\jre\bin\java -jar C:\Program Files (x86)\Atollic\TrueSTUDIO for STM32 9.1.0\Tools\arm-atollic-reports.jar sizeinfo list GPIO_Driver.elf 
Generate build reports...
Print size information
   text	   data	    bss	    dec	    hex	filename
   6312	    136	   1056	   7504	   1d50	GPIO_Driver.elf
Print size information done
Generate listing file
Output sent to: GPIO_Driver.list
Generate listing file done
Generate build reports done
23:34:32 **** Incremental Build of configuration Debug for project GPIO_Driver ****
Info: Internal Builder is used for build
arm-atollic-eabi-gcc -c ..\User Application\main.c -mthumb -mcpu=cortex-m4 -mfloat-abi=hard -mfpu=fpv4-sp-d16 -std=gnu11 -DSTM32F411xE -I../src -I../Drivers/CMSIS/Include -I../Drivers/CMSIS/Device/ST/STM32F4xx/Include -I../Drivers/STM32F4xx_HAL_Driver/Inc -IC:\Users\Falcon\Atollic\TrueSTUDIO\STM32_workspace_9.1\GPIO_Driver -IC:\Users\Falcon\Atollic\TrueSTUDIO\STM32_workspace_9.1\GPIO_Driver\User Library -O0 -ffunction-sections -fdata-sections -g -fstack-usage -Wall -o User Application\main.o 
In file included from ..\User Application\main.c:4:0:
C:\Users\Falcon\Atollic\TrueSTUDIO\STM32_workspace_9.1\GPIO_Driver\User Library/GPIO_Driver.h:124:13: warning: 'config_pin' declared 'static' but never defined [-Wunused-function]
 static void config_pin(GPIO_TypeDef *port, uint32_t pinNumber, uint32_t pinSpeed, uint32_t mode, uint16_t mode_type, uint32_t alt_func);
             ^~~~~~~~~~
arm-atollic-eabi-gcc -o GPIO_Driver.elf User Application\main.o User Application\startup_stm32f411xe.o User Application\system_stm32f4xx.o User Application\tiny_printf.o User Library\GPIO_Driver.o User Library\I2C_Library.o User Library\Timer_Delay.o User Library\lcd_4bit.o User Library\lcd_8bit.o -mthumb -mcpu=cortex-m4 -mfloat-abi=hard -mfpu=fpv4-sp-d16 -T../stm32_flash.ld -specs=nosys.specs -static -Wl,-cref,-u,Reset_Handler -Wl,-Map=GPIO_Driver.map -Wl,--gc-sections -Wl,--defsym=malloc_getpagesize_P=0x80 -Wl,--start-group -lc -lm -Wl,--end-group 
C:\Program Files (x86)\Atollic\TrueSTUDIO for STM32 9.1.0\ide\jre\bin\java -jar C:\Program Files (x86)\Atollic\TrueSTUDIO for STM32 9.1.0\Tools\arm-atollic-reports.jar sizeinfo list GPIO_Driver.elf 
Generate build reports...
Print size information
   text	   data	    bss	    dec	    hex	filename
   6312	    136	   1056	   7504	   1d50	GPIO_Driver.elf
Print size information done
Generate listing file
Output sent to: GPIO_Driver.list
Generate listing file done
Generate build reports done
23:36:55 **** Incremental Build of configuration Debug for project GPIO_Driver ****
Info: Internal Builder is used for build
arm-atollic-eabi-gcc -c ..\User Application\main.c -mthumb -mcpu=cortex-m4 -mfloat-abi=hard -mfpu=fpv4-sp-d16 -std=gnu11 -DSTM32F411xE -I../src -I../Drivers/CMSIS/Include -I../Drivers/CMSIS/Device/ST/STM32F4xx/Include -I../Drivers/STM32F4xx_HAL_Driver/Inc -IC:\Users\Falcon\Atollic\TrueSTUDIO\STM32_workspace_9.1\GPIO_Driver -IC:\Users\Falcon\Atollic\TrueSTUDIO\STM32_workspace_9.1\GPIO_Driver\User Library -O0 -ffunction-sections -fdata-sections -g -fstack-usage -Wall -o User Application\main.o 
In file included from ..\User Application\main.c:4:0:
C:\Users\Falcon\Atollic\TrueSTUDIO\STM32_workspace_9.1\GPIO_Driver\User Library/GPIO_Driver.h:124:13: warning: 'config_pin' declared 'static' but never defined [-Wunused-function]
 static void config_pin(GPIO_TypeDef *port, uint32_t pinNumber, uint32_t pinSpeed, uint32_t mode, uint16_t mode_type, uint32_t alt_func);
             ^~~~~~~~~~
arm-atollic-eabi-gcc -o GPIO_Driver.elf User Application\main.o User Application\startup_stm32f411xe.o User Application\system_stm32f4xx.o User Application\tiny_printf.o User Library\GPIO_Driver.o User Library\I2C_Library.o User Library\Timer_Delay.o User Library\lcd_4bit.o User Library\lcd_8bit.o -mthumb -mcpu=cortex-m4 -mfloat-abi=hard -mfpu=fpv4-sp-d16 -T../stm32_flash.ld -specs=nosys.specs -static -Wl,-cref,-u,Reset_Handler -Wl,-Map=GPIO_Driver.map -Wl,--gc-sections -Wl,--defsym=malloc_getpagesize_P=0x80 -Wl,--start-group -lc -lm -Wl,--end-group 
C:\Program Files (x86)\Atollic\TrueSTUDIO for STM32 9.1.0\ide\jre\bin\java -jar C:\Program Files (x86)\Atollic\TrueSTUDIO for STM32 9.1.0\Tools\arm-atollic-reports.jar sizeinfo list GPIO_Driver.elf 
Generate build reports...
Print size information
   text	   data	    bss	    dec	    hex	filename
   6296	    136	   1056	   7488	   1d40	GPIO_Driver.elf
Print size information done
Generate listing file
Output sent to: GPIO_Driver.list
Generate listing file done
Generate build reports done
23:37:10 **** Incremental Build of configuration Debug for project GPIO_Driver ****
Info: Internal Builder is used for build
arm-atollic-eabi-gcc -c ..\User Application\main.c -mthumb -mcpu=cortex-m4 -mfloat-abi=hard -mfpu=fpv4-sp-d16 -std=gnu11 -DSTM32F411xE -I../src -I../Drivers/CMSIS/Include -I../Drivers/CMSIS/Device/ST/STM32F4xx/Include -I../Drivers/STM32F4xx_HAL_Driver/Inc -IC:\Users\Falcon\Atollic\TrueSTUDIO\STM32_workspace_9.1\GPIO_Driver -IC:\Users\Falcon\Atollic\TrueSTUDIO\STM32_workspace_9.1\GPIO_Driver\User Library -O0 -ffunction-sections -fdata-sections -g -fstack-usage -Wall -o User Application\main.o 
In file included from ..\User Application\main.c:4:0:
C:\Users\Falcon\Atollic\TrueSTUDIO\STM32_workspace_9.1\GPIO_Driver\User Library/GPIO_Driver.h:124:13: warning: 'config_pin' declared 'static' but never defined [-Wunused-function]
 static void config_pin(GPIO_TypeDef *port, uint32_t pinNumber, uint32_t pinSpeed, uint32_t mode, uint16_t mode_type, uint32_t alt_func);
             ^~~~~~~~~~
arm-atollic-eabi-gcc -o GPIO_Driver.elf User Application\main.o User Application\startup_stm32f411xe.o User Application\system_stm32f4xx.o User Application\tiny_printf.o User Library\GPIO_Driver.o User Library\I2C_Library.o User Library\Timer_Delay.o User Library\lcd_4bit.o User Library\lcd_8bit.o -mthumb -mcpu=cortex-m4 -mfloat-abi=hard -mfpu=fpv4-sp-d16 -T../stm32_flash.ld -specs=nosys.specs -static -Wl,-cref,-u,Reset_Handler -Wl,-Map=GPIO_Driver.map -Wl,--gc-sections -Wl,--defsym=malloc_getpagesize_P=0x80 -Wl,--start-group -lc -lm -Wl,--end-group 
C:\Program Files (x86)\Atollic\TrueSTUDIO for STM32 9.1.0\ide\jre\bin\java -jar C:\Program Files (x86)\Atollic\TrueSTUDIO for STM32 9.1.0\Tools\arm-atollic-reports.jar sizeinfo list GPIO_Driver.elf 
Generate build reports...
Print size information
   text	   data	    bss	    dec	    hex	filename
   6296	    136	   1056	   7488	   1d40	GPIO_Driver.elf
Print size information done
Generate listing file
Output sent to: GPIO_Driver.list
Generate listing file done
Generate build reports done
23:37:32 **** Incremental Build of configuration Debug for project GPIO_Driver ****
Info: Internal Builder is used for build
arm-atollic-eabi-gcc -c ..\User Application\main.c -mthumb -mcpu=cortex-m4 -mfloat-abi=hard -mfpu=fpv4-sp-d16 -std=gnu11 -DSTM32F411xE -I../src -I../Drivers/CMSIS/Include -I../Drivers/CMSIS/Device/ST/STM32F4xx/Include -I../Drivers/STM32F4xx_HAL_Driver/Inc -IC:\Users\Falcon\Atollic\TrueSTUDIO\STM32_workspace_9.1\GPIO_Driver -IC:\Users\Falcon\Atollic\TrueSTUDIO\STM32_workspace_9.1\GPIO_Driver\User Library -O0 -ffunction-sections -fdata-sections -g -fstack-usage -Wall -o User Application\main.o 
In file included from ..\User Application\main.c:4:0:
C:\Users\Falcon\Atollic\TrueSTUDIO\STM32_workspace_9.1\GPIO_Driver\User Library/GPIO_Driver.h:124:13: warning: 'config_pin' declared 'static' but never defined [-Wunused-function]
 static void config_pin(GPIO_TypeDef *port, uint32_t pinNumber, uint32_t pinSpeed, uint32_t mode, uint16_t mode_type, uint32_t alt_func);
             ^~~~~~~~~~
arm-atollic-eabi-gcc -o GPIO_Driver.elf User Application\main.o User Application\startup_stm32f411xe.o User Application\system_stm32f4xx.o User Application\tiny_printf.o User Library\GPIO_Driver.o User Library\I2C_Library.o User Library\Timer_Delay.o User Library\lcd_4bit.o User Library\lcd_8bit.o -mthumb -mcpu=cortex-m4 -mfloat-abi=hard -mfpu=fpv4-sp-d16 -T../stm32_flash.ld -specs=nosys.specs -static -Wl,-cref,-u,Reset_Handler -Wl,-Map=GPIO_Driver.map -Wl,--gc-sections -Wl,--defsym=malloc_getpagesize_P=0x80 -Wl,--start-group -lc -lm -Wl,--end-group 
C:\Program Files (x86)\Atollic\TrueSTUDIO for STM32 9.1.0\ide\jre\bin\java -jar C:\Program Files (x86)\Atollic\TrueSTUDIO for STM32 9.1.0\Tools\arm-atollic-reports.jar sizeinfo list GPIO_Driver.elf 
Generate build reports...
Print size information
   text	   data	    bss	    dec	    hex	filename
   6284	    136	   1056	   7476	   1d34	GPIO_Driver.elf
Print size information done
Generate listing file
Output sent to: GPIO_Driver.list
Generate listing file done
Generate build reports done
