00:33:52 **** Incremental Build of configuration Debug for project LCD ****
Info: Internal Builder is used for build
arm-atollic-eabi-gcc -o LCD.elf User Library\GPIO_Driver.o User Library\myLCD.o User Library\myTimers.o src\main.o src\startup_stm32f411xe.o src\system_stm32f4xx.o src\tiny_printf.o -mthumb -mcpu=cortex-m4 -mfloat-abi=hard -mfpu=fpv4-sp-d16 -T../stm32_flash.ld -specs=nosys.specs -static -Wl,-cref,-u,Reset_Handler -Wl,-Map=LCD.map -Wl,--gc-sections -Wl,--defsym=malloc_getpagesize_P=0x80 -Wl,--start-group -lc -lm -Wl,--end-group 
C:\Program Files (x86)\Atollic\TrueSTUDIO for STM32 9.1.0\ide\jre\bin\java -jar C:\Program Files (x86)\Atollic\TrueSTUDIO for STM32 9.1.0\Tools\arm-atollic-reports.jar sizeinfo list LCD.elf 
Generate build reports...
Print size information
   text	   data	    bss	    dec	    hex	filename
    832	      8	   1052	   1892	    764	LCD.elf
Print size information done
Generate listing file
Output sent to: LCD.list
Generate listing file done
Generate build reports done

00:33:52 Build Finished (took 455ms)

