22:56:14 **** Incremental Build of configuration Debug for project MyTest ****
Info: Internal Builder is used for build
arm-atollic-eabi-gcc -c ..\User Application\main.c -mthumb -mcpu=cortex-m4 -mfloat-abi=hard -mfpu=fpv4-sp-d16 -std=c99 -DSTM32F411xE -I../src -I../Drivers/CMSIS/Include -I../Drivers/CMSIS/Device/ST/STM32F4xx/Include -I../Drivers/STM32F4xx_HAL_Driver/Inc -O0 -ffunction-sections -fdata-sections -g -fstack-usage -Wall -o User Application\main.o 
arm-atollic-eabi-gcc -o MyTest.elf User Application\main.o User Application\startup_stm32f411xe.o User Application\system_stm32f4xx.o User Application\tiny_printf.o -mthumb -mcpu=cortex-m4 -mfloat-abi=hard -mfpu=fpv4-sp-d16 -T../stm32_flash.ld -specs=nosys.specs -static -Wl,-cref,-u,Reset_Handler -Wl,-Map=MyTest.map -Wl,--gc-sections -Wl,--defsym=malloc_getpagesize_P=0x80 -Wl,--start-group -lc -lm -Wl,--end-group 
C:\Program Files (x86)\Atollic\TrueSTUDIO for STM32 9.1.0\ide\jre\bin\java -jar C:\Program Files (x86)\Atollic\TrueSTUDIO for STM32 9.1.0\Tools\arm-atollic-reports.jar sizeinfo list MyTest.elf 
Generate build reports...
Print size information
   text	   data	    bss	    dec	    hex	filename
    896	      8	   1052	   1956	    7a4	MyTest.elf
Print size information done
Generate listing file
Output sent to: MyTest.list
Generate listing file done
Generate build reports done

22:56:15 Build Finished (took 735ms)

