02:12:26 **** Incremental Build of configuration Debug for project stm32_ssbp ****
Info: Internal Builder is used for build
arm-atollic-eabi-gcc -c ..\src\main.c -mthumb -mcpu=cortex-m3 -std=c99 -DSTM32F10X_MD -DUSE_STDPERIPH_DRIVER -IC:\Users\Falcon\Atollic\TrueSTUDIO\STM32_workspace_9.1\stm32_ssbp\libopencm3 -IC:\Users\Falcon\Atollic\TrueSTUDIO\STM32_workspace_9.1\stm32_ssbp\ssbp_drivers -I../src -I../Libraries/STM32F10x_StdPeriph_Driver/inc -I../Libraries/CMSIS/Device/ST/STM32F10x/Include -I../Libraries/CMSIS/Include -O0 -ffunction-sections -fdata-sections -g -fstack-usage -Wall -specs=nano.specs -o src\main.o 
..\src\main.c: In function 'main':
..\src\main.c:41:1: warning: implicit declaration of function 'timer_enable' [-Wimplicit-function-declaration]
 timer_enable();
 ^~~~~~~~~~~~
..\src\main.c:53:5: warning: unused variable 'gary' [-Wunused-variable]
 int gary = 1;
     ^~~~
..\src\main.c:39:9: warning: variable 'test' set but not used [-Wunused-but-set-variable]
 uint8_t test = RCC_GetSYSCLKSource();
         ^~~~
arm-atollic-eabi-gcc -o stm32_ssbp.elf Libraries\STM32F10x_StdPeriph_Driver\src\misc.o Libraries\STM32F10x_StdPeriph_Driver\src\stm32f10x_adc.o Libraries\STM32F10x_StdPeriph_Driver\src\stm32f10x_bkp.o Libraries\STM32F10x_StdPeriph_Driver\src\stm32f10x_can.o Libraries\STM32F10x_StdPeriph_Driver\src\stm32f10x_cec.o Libraries\STM32F10x_StdPeriph_Driver\src\stm32f10x_crc.o Libraries\STM32F10x_StdPeriph_Driver\src\stm32f10x_dac.o Libraries\STM32F10x_StdPeriph_Driver\src\stm32f10x_dbgmcu.o Libraries\STM32F10x_StdPeriph_Driver\src\stm32f10x_dma.o Libraries\STM32F10x_StdPeriph_Driver\src\stm32f10x_exti.o Libraries\STM32F10x_StdPeriph_Driver\src\stm32f10x_flash.o Libraries\STM32F10x_StdPeriph_Driver\src\stm32f10x_fsmc.o Libraries\STM32F10x_StdPeriph_Driver\src\stm32f10x_gpio.o Libraries\STM32F10x_StdPeriph_Driver\src\stm32f10x_i2c.o Libraries\STM32F10x_StdPeriph_Driver\src\stm32f10x_iwdg.o Libraries\STM32F10x_StdPeriph_Driver\src\stm32f10x_pwr.o Libraries\STM32F10x_StdPeriph_Driver\src\stm32f10x_rcc.o Libraries\STM32F10x_StdPeriph_Driver\src\stm32f10x_rtc.o Libraries\STM32F10x_StdPeriph_Driver\src\stm32f10x_sdio.o Libraries\STM32F10x_StdPeriph_Driver\src\stm32f10x_spi.o Libraries\STM32F10x_StdPeriph_Driver\src\stm32f10x_tim.o Libraries\STM32F10x_StdPeriph_Driver\src\stm32f10x_usart.o Libraries\STM32F10x_StdPeriph_Driver\src\stm32f10x_wwdg.o src\main.o src\startup_stm32f10x_md.o src\stm32f1xx_it.o src\system_stm32f10x.o src\tiny_printf.o ssbp_drivers\ss_delay.o ssbp_drivers\ss_gpio.o -mthumb -mcpu=cortex-m3 -T../stm32_flash.ld -specs=nosys.specs -static -Wl,-cref,-u,Reset_Handler -Wl,-Map=stm32_ssbp.map -Wl,--gc-sections -Wl,--defsym=malloc_getpagesize_P=0x80 -Wl,--start-group -lc -lm -Wl,--end-group -specs=nano.specs 
C:\Program Files (x86)\Atollic\TrueSTUDIO for STM32 9.1.0\ide\jre\bin\java -jar C:\Program Files (x86)\Atollic\TrueSTUDIO for STM32 9.1.0\Tools\arm-atollic-reports.jar sizeinfo list stm32_ssbp.elf 
Generate build reports...
Print size information
   text	   data	    bss	    dec	    hex	filename
   3420	     72	    288	   3780	    ec4	stm32_ssbp.elf
Print size information done
Generate listing file
Output sent to: stm32_ssbp.list
Generate listing file done
Generate build reports done

02:12:26 Build Finished (took 419ms)

